[    0.000000] microcode: microcode updated early to revision 0xf4, date = 2023-02-23
[    0.000000] Linux version 6.1.87 (cat22@cat) (gcc (Ubuntu 11.4.0-1ubuntu1~22.04) 11.4.0, GNU ld (GNU Binutils for Ubuntu) 2.38) #1 SMP PREEMPT_DYNAMIC Sat May 11 21:37:20 CST 2024
[    0.000000] Command line: BOOT_IMAGE=/boot/vmlinuz-6.1.87 root=UUID=c0ade0c7-a273-4cdd-9e77-b56ddf7389ff ro quiet splash vt.handoff=7
[    0.000000] KERNEL supported cpus:
[    0.000000]   Intel GenuineIntel
[    0.000000]   AMD AuthenticAMD
[    0.000000]   Hygon HygonGenuine
[    0.000000]   Centaur CentaurHauls
[    0.000000]   zhaoxin   Shanghai  
[    0.000000] BIOS-provided physical RAM map:
[    0.000000] BIOS-e820: [mem 0x0000000000000000-0x000000000009efff] usable
[    0.000000] BIOS-e820: [mem 0x000000000009f000-0x00000000000fffff] reserved
[    0.000000] BIOS-e820: [mem 0x0000000000100000-0x000000007bcdffff] usable
[    0.000000] BIOS-e820: [mem 0x000000007bce0000-0x000000007c145fff] reserved
[    0.000000] BIOS-e820: [mem 0x000000007c146000-0x000000007c1c2fff] ACPI data
[    0.000000] BIOS-e820: [mem 0x000000007c1c3000-0x000000007c226fff] ACPI NVS
[    0.000000] BIOS-e820: [mem 0x000000007c227000-0x000000007fd0dfff] reserved
[    0.000000] BIOS-e820: [mem 0x000000007fd0e000-0x000000007fd0efff] usable
[    0.000000] BIOS-e820: [mem 0x000000007fd0f000-0x000000008c7fffff] reserved
[    0.000000] BIOS-e820: [mem 0x00000000e0000000-0x00000000efffffff] reserved
[    0.000000] BIOS-e820: [mem 0x00000000fe000000-0x00000000fe010fff] reserved
[    0.000000] BIOS-e820: [mem 0x00000000fec00000-0x00000000fec00fff] reserved
[    0.000000] BIOS-e820: [mem 0x00000000fed00000-0x00000000fed03fff] reserved
[    0.000000] BIOS-e820: [mem 0x00000000fee00000-0x00000000fee00fff] reserved
[    0.000000] BIOS-e820: [mem 0x00000000ff000000-0x00000000ffffffff] reserved
[    0.000000] BIOS-e820: [mem 0x0000000100000000-0x00000004717fffff] usable
[    0.000000] NX (Execute Disable) protection: active
[    0.000000] e820: update [mem 0x7403b018-0x74064657] usable ==> usable
[    0.000000] e820: update [mem 0x7403b018-0x74064657] usable ==> usable
[    0.000000] e820: update [mem 0x74011018-0x7403a657] usable ==> usable
[    0.000000] e820: update [mem 0x74011018-0x7403a657] usable ==> usable
[    0.000000] e820: update [mem 0x74000018-0x74010057] usable ==> usable
[    0.000000] e820: update [mem 0x74000018-0x74010057] usable ==> usable
[    0.000000] extended physical RAM map:
[    0.000000] reserve setup_data: [mem 0x0000000000000000-0x000000000009efff] usable
[    0.000000] reserve setup_data: [mem 0x000000000009f000-0x00000000000fffff] reserved
[    0.000000] reserve setup_data: [mem 0x0000000000100000-0x0000000074000017] usable
[    0.000000] reserve setup_data: [mem 0x0000000074000018-0x0000000074010057] usable
[    0.000000] reserve setup_data: [mem 0x0000000074010058-0x0000000074011017] usable
[    0.000000] reserve setup_data: [mem 0x0000000074011018-0x000000007403a657] usable
[    0.000000] reserve setup_data: [mem 0x000000007403a658-0x000000007403b017] usable
[    0.000000] reserve setup_data: [mem 0x000000007403b018-0x0000000074064657] usable
[    0.000000] reserve setup_data: [mem 0x0000000074064658-0x000000007bcdffff] usable
[    0.000000] reserve setup_data: [mem 0x000000007bce0000-0x000000007c145fff] reserved
[    0.000000] reserve setup_data: [mem 0x000000007c146000-0x000000007c1c2fff] ACPI data
[    0.000000] reserve setup_data: [mem 0x000000007c1c3000-0x000000007c226fff] ACPI NVS
[    0.000000] reserve setup_data: [mem 0x000000007c227000-0x000000007fd0dfff] reserved
[    0.000000] reserve setup_data: [mem 0x000000007fd0e000-0x000000007fd0efff] usable
[    0.000000] reserve setup_data: [mem 0x000000007fd0f000-0x000000008c7fffff] reserved
[    0.000000] reserve setup_data: [mem 0x00000000e0000000-0x00000000efffffff] reserved
[    0.000000] reserve setup_data: [mem 0x00000000fe000000-0x00000000fe010fff] reserved
[    0.000000] reserve setup_data: [mem 0x00000000fec00000-0x00000000fec00fff] reserved
[    0.000000] reserve setup_data: [mem 0x00000000fed00000-0x00000000fed03fff] reserved
[    0.000000] reserve setup_data: [mem 0x00000000fee00000-0x00000000fee00fff] reserved
[    0.000000] reserve setup_data: [mem 0x00000000ff000000-0x00000000ffffffff] reserved
[    0.000000] reserve setup_data: [mem 0x0000000100000000-0x00000004717fffff] usable
[    0.000000] efi: EFI v2.70 by American Megatrends
[    0.000000] efi: ACPI 2.0=0x7c15f000 ACPI=0x7c15f000 SMBIOS=0x7f09b000 SMBIOS 3.0=0x7f09a000 MEMATTR=0x7a2d7018 ESRT=0x7a2d8f98 MOKvar=0x7fadc000 RNG=0x7c15e018 
[    0.000000] random: crng init done
[    0.000000] SMBIOS 3.2.0 present.
[    0.000000] DMI: HP HP Pavilion Gaming Desktop 690-05xx/843B, BIOS F.42 05/28/2020
[    0.000000] tsc: Detected 2800.000 MHz processor
[    0.000000] tsc: Detected 2799.927 MHz TSC
[    0.000452] e820: update [mem 0x00000000-0x00000fff] usable ==> reserved
[    0.000455] e820: remove [mem 0x000a0000-0x000fffff] usable
[    0.000466] last_pfn = 0x471800 max_arch_pfn = 0x400000000
[    0.000622] x86/PAT: Configuration [0-7]: WB  WC  UC- UC  WB  WP  UC- WT  
[    0.001196] last_pfn = 0x7fd0f max_arch_pfn = 0x400000000
[    0.009762] esrt: Reserving ESRT space from 0x000000007a2d8f98 to 0x000000007a2d8fd0.
[    0.009767] e820: update [mem 0x7a2d8000-0x7a2d8fff] usable ==> reserved
[    0.009788] Using GB pages for direct mapping
[    0.010328] Secure boot disabled
[    0.010328] RAMDISK: [mem 0x235a8000-0x42ee9fff]
[    0.010334] ACPI: Early table checksum verification disabled
[    0.010337] ACPI: RSDP 0x000000007C15F000 000024 (v02 HPQOEM)
[    0.010341] ACPI: XSDT 0x000000007C15F0B0 0000E4 (v01 HPQOEM SLIC-CPC 01072009 AMI  00010013)
[    0.010347] ACPI: FACP 0x000000007C1A44C0 000114 (v06 HPQOEM SLIC-CPC 01072009 AMI  00010013)
[    0.010352] ACPI: DSDT 0x000000007C15F228 045293 (v02 HPQOEM SLIC-CPC 01072009 INTL 20160527)
[    0.010356] ACPI: FACS 0x000000007C224080 000040
[    0.010359] ACPI: APIC 0x000000007C1A45D8 0000A0 (v04 HPQOEM SLIC-CPC 01072009 AMI  00010013)
[    0.010362] ACPI: FPDT 0x000000007C1A4678 000044 (v01 HPQOEM SLIC-CPC 01072009 AMI  00010013)
[    0.010365] ACPI: FIDT 0x000000007C1A46C0 00009C (v01 HPQOEM SLIC-CPC 01072009 AMI  00010013)
[    0.010368] ACPI: MCFG 0x000000007C1A4760 00003C (v01 HPQOEM SLIC-CPC 01072009 MSFT 00000097)
[    0.010371] ACPI: SSDT 0x000000007C1A47A0 001B5F (v02 CpuRef CpuSsdt  00003000 INTL 20160527)
[    0.010375] ACPI: MSDM 0x000000007C1A6300 000055 (v03 HPQOEM SLIC-CPC 01072009 AMI  00010013)
[    0.010378] ACPI: SSDT 0x000000007C1A6358 0031C6 (v02 SaSsdt SaSsdt   00003000 INTL 20160527)
[    0.010381] ACPI: SSDT 0x000000007C1A9520 002396 (v02 PegSsd PegSsdt  00001000 INTL 20160527)
[    0.010384] ACPI: HPET 0x000000007C1AB8B8 000038 (v01 HPQOEM SLIC-CPC 00000002      01000013)
[    0.010387] ACPI: SSDT 0x000000007C1AB8F0 001C1A (v02 HPQOEM CflS_Rvp 00001000 INTL 20160527)
[    0.010390] ACPI: SSDT 0x000000007C1AD510 000FAE (v02 HPQOEM Ther_Rvp 00001000 INTL 20160527)
[    0.010394] ACPI: SSDT 0x000000007C1AE4C0 000916 (v02 INTEL  xh_cfsd4 00000000 INTL 20160527)
[    0.010397] ACPI: UEFI 0x000000007C1AEDD8 000042 (v01 HPQOEM SLIC-CPC 00000002      01000013)
[    0.010400] ACPI: LPIT 0x000000007C1AEE20 000094 (v01 HPQOEM SLIC-CPC 00000002      01000013)
[    0.010403] ACPI: SSDT 0x000000007C1AEEB8 0027DE (v02 HPQOEM PtidDevc 00001000 INTL 20160527)
[    0.010406] ACPI: SSDT 0x000000007C1B1698 0014E2 (v02 HPQOEM TbtTypeC 00000000 INTL 20160527)
[    0.010409] ACPI: DBGP 0x000000007C1B2B80 000034 (v01 HPQOEM SLIC-CPC 00000002      01000013)
[    0.010412] ACPI: DBG2 0x000000007C1B2BB8 000054 (v00 HPQOEM SLIC-CPC 00000002      01000013)
[    0.010416] ACPI: SSDT 0x000000007C1B2C10 001B67 (v02 HPQOEM UsbCTabl 00001000 INTL 20160527)
[    0.010419] ACPI: DMAR 0x000000007C1B4778 0000A8 (v01 INTEL  EDK2     00000002      01000013)
[    0.010422] ACPI: SSDT 0x000000007C1B4820 000144 (v02 Intel  ADebTabl 00001000 INTL 20160527)
[    0.010425] ACPI: BGRT 0x000000007C1B4968 000038 (v01 HPQOEM SLIC-CPC 01072009 AMI  00010013)
[    0.010428] ACPI: WSMT 0x000000007C1B49A0 000028 (v01 HPQOEM SLIC-CPC 01072009 AMI  00010013)
[    0.010431] ACPI: Reserving FACP table memory at [mem 0x7c1a44c0-0x7c1a45d3]
[    0.010432] ACPI: Reserving DSDT table memory at [mem 0x7c15f228-0x7c1a44ba]
[    0.010433] ACPI: Reserving FACS table memory at [mem 0x7c224080-0x7c2240bf]
[    0.010434] ACPI: Reserving APIC table memory at [mem 0x7c1a45d8-0x7c1a4677]
[    0.010435] ACPI: Reserving FPDT table memory at [mem 0x7c1a4678-0x7c1a46bb]
[    0.010436] ACPI: Reserving FIDT table memory at [mem 0x7c1a46c0-0x7c1a475b]
[    0.010437] ACPI: Reserving MCFG table memory at [mem 0x7c1a4760-0x7c1a479b]
[    0.010438] ACPI: Reserving SSDT table memory at [mem 0x7c1a47a0-0x7c1a62fe]
[    0.010439] ACPI: Reserving MSDM table memory at [mem 0x7c1a6300-0x7c1a6354]
[    0.010440] ACPI: Reserving SSDT table memory at [mem 0x7c1a6358-0x7c1a951d]
[    0.010441] ACPI: Reserving SSDT table memory at [mem 0x7c1a9520-0x7c1ab8b5]
[    0.010442] ACPI: Reserving HPET table memory at [mem 0x7c1ab8b8-0x7c1ab8ef]
[    0.010442] ACPI: Reserving SSDT table memory at [mem 0x7c1ab8f0-0x7c1ad509]
[    0.010443] ACPI: Reserving SSDT table memory at [mem 0x7c1ad510-0x7c1ae4bd]
[    0.010444] ACPI: Reserving SSDT table memory at [mem 0x7c1ae4c0-0x7c1aedd5]
[    0.010445] ACPI: Reserving UEFI table memory at [mem 0x7c1aedd8-0x7c1aee19]
[    0.010446] ACPI: Reserving LPIT table memory at [mem 0x7c1aee20-0x7c1aeeb3]
[    0.010447] ACPI: Reserving SSDT table memory at [mem 0x7c1aeeb8-0x7c1b1695]
[    0.010448] ACPI: Reserving SSDT table memory at [mem 0x7c1b1698-0x7c1b2b79]
[    0.010449] ACPI: Reserving DBGP table memory at [mem 0x7c1b2b80-0x7c1b2bb3]
[    0.010450] ACPI: Reserving DBG2 table memory at [mem 0x7c1b2bb8-0x7c1b2c0b]
[    0.010451] ACPI: Reserving SSDT table memory at [mem 0x7c1b2c10-0x7c1b4776]
[    0.010452] ACPI: Reserving DMAR table memory at [mem 0x7c1b4778-0x7c1b481f]
[    0.010453] ACPI: Reserving SSDT table memory at [mem 0x7c1b4820-0x7c1b4963]
[    0.010454] ACPI: Reserving BGRT table memory at [mem 0x7c1b4968-0x7c1b499f]
[    0.010455] ACPI: Reserving WSMT table memory at [mem 0x7c1b49a0-0x7c1b49c7]
[    0.010847] No NUMA configuration found
[    0.010847] Faking a node at [mem 0x0000000000000000-0x00000004717fffff]
[    0.010857] NODE_DATA(0) allocated [mem 0x4717d5000-0x4717fffff]
[    0.011111] Zone ranges:
[    0.011112]   DMA      [mem 0x0000000000001000-0x0000000000ffffff]
[    0.011114]   DMA32    [mem 0x0000000001000000-0x00000000ffffffff]
[    0.011115]   Normal   [mem 0x0000000100000000-0x00000004717fffff]
[    0.011117]   Device   empty
[    0.011118] Movable zone start for each node
[    0.011121] Early memory node ranges
[    0.011121]   node   0: [mem 0x0000000000001000-0x000000000009efff]
[    0.011123]   node   0: [mem 0x0000000000100000-0x000000007bcdffff]
[    0.011124]   node   0: [mem 0x000000007fd0e000-0x000000007fd0efff]
[    0.011125]   node   0: [mem 0x0000000100000000-0x00000004717fffff]
[    0.011128] Initmem setup node 0 [mem 0x0000000000001000-0x00000004717fffff]
[    0.011133] On node 0, zone DMA: 1 pages in unavailable ranges
[    0.011164] On node 0, zone DMA: 97 pages in unavailable ranges
[    0.015302] On node 0, zone DMA32: 16430 pages in unavailable ranges
[    0.043802] On node 0, zone Normal: 753 pages in unavailable ranges
[    0.044107] On node 0, zone Normal: 26624 pages in unavailable ranges
[    0.044210] Reserving Intel graphics memory at [mem 0x8a800000-0x8c7fffff]
[    0.045330] ACPI: PM-Timer IO Port: 0x1808
[    0.045336] ACPI: LAPIC_NMI (acpi_id[0x01] high edge lint[0x1])
[    0.045338] ACPI: LAPIC_NMI (acpi_id[0x02] high edge lint[0x1])
[    0.045339] ACPI: LAPIC_NMI (acpi_id[0x03] high edge lint[0x1])
[    0.045340] ACPI: LAPIC_NMI (acpi_id[0x04] high edge lint[0x1])
[    0.045341] ACPI: LAPIC_NMI (acpi_id[0x05] high edge lint[0x1])
[    0.045341] ACPI: LAPIC_NMI (acpi_id[0x06] high edge lint[0x1])
[    0.045402] IOAPIC[0]: apic_id 2, version 32, address 0xfec00000, GSI 0-119
[    0.045405] ACPI: INT_SRC_OVR (bus 0 bus_irq 0 global_irq 2 dfl dfl)
[    0.045407] ACPI: INT_SRC_OVR (bus 0 bus_irq 9 global_irq 9 high level)
[    0.045411] ACPI: Using ACPI (MADT) for SMP configuration information
[    0.045413] ACPI: HPET id: 0x8086a201 base: 0xfed00000
[    0.045419] e820: update [mem 0x787e4000-0x78800fff] usable ==> reserved
[    0.045434] TSC deadline timer available
[    0.045435] smpboot: Allowing 6 CPUs, 0 hotplug CPUs
[    0.045452] PM: hibernation: Registered nosave memory: [mem 0x00000000-0x00000fff]
[    0.045454] PM: hibernation: Registered nosave memory: [mem 0x0009f000-0x000fffff]
[    0.045456] PM: hibernation: Registered nosave memory: [mem 0x74000000-0x74000fff]
[    0.045458] PM: hibernation: Registered nosave memory: [mem 0x74010000-0x74010fff]
[    0.045459] PM: hibernation: Registered nosave memory: [mem 0x74011000-0x74011fff]
[    0.045461] PM: hibernation: Registered nosave memory: [mem 0x7403a000-0x7403afff]
[    0.045461] PM: hibernation: Registered nosave memory: [mem 0x7403b000-0x7403bfff]
[    0.045463] PM: hibernation: Registered nosave memory: [mem 0x74064000-0x74064fff]
[    0.045465] PM: hibernation: Registered nosave memory: [mem 0x787e4000-0x78800fff]
[    0.045467] PM: hibernation: Registered nosave memory: [mem 0x7a2d8000-0x7a2d8fff]
[    0.045469] PM: hibernation: Registered nosave memory: [mem 0x7bce0000-0x7c145fff]
[    0.045470] PM: hibernation: Registered nosave memory: [mem 0x7c146000-0x7c1c2fff]
[    0.045470] PM: hibernation: Registered nosave memory: [mem 0x7c1c3000-0x7c226fff]
[    0.045471] PM: hibernation: Registered nosave memory: [mem 0x7c227000-0x7fd0dfff]
[    0.045473] PM: hibernation: Registered nosave memory: [mem 0x7fd0f000-0x8c7fffff]
[    0.045474] PM: hibernation: Registered nosave memory: [mem 0x8c800000-0xdfffffff]
[    0.045475] PM: hibernation: Registered nosave memory: [mem 0xe0000000-0xefffffff]
[    0.045475] PM: hibernation: Registered nosave memory: [mem 0xf0000000-0xfdffffff]
[    0.045476] PM: hibernation: Registered nosave memory: [mem 0xfe000000-0xfe010fff]
[    0.045477] PM: hibernation: Registered nosave memory: [mem 0xfe011000-0xfebfffff]
[    0.045477] PM: hibernation: Registered nosave memory: [mem 0xfec00000-0xfec00fff]
[    0.045478] PM: hibernation: Registered nosave memory: [mem 0xfec01000-0xfecfffff]
[    0.045479] PM: hibernation: Registered nosave memory: [mem 0xfed00000-0xfed03fff]
[    0.045479] PM: hibernation: Registered nosave memory: [mem 0xfed04000-0xfedfffff]
[    0.045480] PM: hibernation: Registered nosave memory: [mem 0xfee00000-0xfee00fff]
[    0.045481] PM: hibernation: Registered nosave memory: [mem 0xfee01000-0xfeffffff]
[    0.045481] PM: hibernation: Registered nosave memory: [mem 0xff000000-0xffffffff]
[    0.045483] [mem 0x8c800000-0xdfffffff] available for PCI devices
[    0.045484] Booting paravirtualized kernel on bare hardware
[    0.045486] clocksource: refined-jiffies: mask: 0xffffffff max_cycles: 0xffffffff, max_idle_ns: 7645519600211568 ns
[    0.045493] setup_percpu: NR_CPUS:8192 nr_cpumask_bits:6 nr_cpu_ids:6 nr_node_ids:1
[    0.045654] percpu: Embedded 62 pages/cpu s217088 r8192 d28672 u262144
[    0.045661] pcpu-alloc: s217088 r8192 d28672 u262144 alloc=1*2097152
[    0.045664] pcpu-alloc: [0] 0 1 2 3 4 5 - - 
[    0.045696] Fallback order for Node 0: 0 
[    0.045699] Built 1 zonelists, mobility grouping on.  Total pages: 4037048
[    0.045700] Policy zone: Normal
[    0.045701] Kernel command line: BOOT_IMAGE=/boot/vmlinuz-6.1.87 root=UUID=c0ade0c7-a273-4cdd-9e77-b56ddf7389ff ro quiet splash vt.handoff=7
[    0.045786] Unknown kernel command line parameters "splash BOOT_IMAGE=/boot/vmlinuz-6.1.87", will be passed to user space.
[    0.046589] Dentry cache hash table entries: 2097152 (order: 12, 16777216 bytes, linear)
[    0.046980] Inode-cache hash table entries: 1048576 (order: 11, 8388608 bytes, linear)
[    0.047053] mem auto-init: stack:off, heap alloc:on, heap free:off
[    0.047062] software IO TLB: area num 8.
[    0.092428] Memory: 15433432K/16470524K available (18440K kernel code, 4185K rwdata, 5916K rodata, 3176K init, 17048K bss, 1036832K reserved, 0K cma-reserved)
[    0.092545] SLUB: HWalign=64, Order=0-3, MinObjects=0, CPUs=6, Nodes=1
[    0.092558] Kernel/User page tables isolation: enabled
[    0.092586] ftrace: allocating 50130 entries in 196 pages
[    0.101357] ftrace: allocated 196 pages with 3 groups
[    0.102191] Dynamic Preempt: voluntary
[    0.102220] rcu: Preemptible hierarchical RCU implementation.
[    0.102220] rcu: 	RCU restricting CPUs from NR_CPUS=8192 to nr_cpu_ids=6.
[    0.102222] 	Trampoline variant of Tasks RCU enabled.
[    0.102223] 	Rude variant of Tasks RCU enabled.
[    0.102223] 	Tracing variant of Tasks RCU enabled.
[    0.102224] rcu: RCU calculated value of scheduler-enlistment delay is 25 jiffies.
[    0.102224] rcu: Adjusting geometry for rcu_fanout_leaf=16, nr_cpu_ids=6
[    0.106630] NR_IRQS: 524544, nr_irqs: 1536, preallocated irqs: 16
[    0.106906] rcu: srcu_init: Setting srcu_struct sizes based on contention.
[    0.107252] Console: colour dummy device 80x25
[    0.107275] printk: console [tty0] enabled
[    0.107293] ACPI: Core revision 20220331
[    0.107531] hpet: HPET dysfunctional in PC10. Force disabled.
[    0.107533] APIC: Switch to symmetric I/O mode setup
[    0.107535] DMAR: Host address width 39
[    0.107536] DMAR: DRHD base: 0x000000fed90000 flags: 0x0
[    0.107542] DMAR: dmar0: reg_base_addr fed90000 ver 1:0 cap 1c0000c40660462 ecap 19e2ff0505e
[    0.107545] DMAR: DRHD base: 0x000000fed91000 flags: 0x1
[    0.107549] DMAR: dmar1: reg_base_addr fed91000 ver 1:0 cap d2008c40660462 ecap f050da
[    0.107551] DMAR: RMRR base: 0x0000007c0f5000 end: 0x0000007c114fff
[    0.107552] DMAR: RMRR base: 0x0000008a000000 end: 0x0000008c7fffff
[    0.107555] DMAR-IR: IOAPIC id 2 under DRHD base  0xfed91000 IOMMU 1
[    0.107556] DMAR-IR: HPET id 0 under DRHD base 0xfed91000
[    0.107557] DMAR-IR: Queued invalidation will be enabled to support x2apic and Intr-remapping.
[    0.110765] DMAR-IR: Enabled IRQ remapping in x2apic mode
[    0.110767] x2apic enabled
[    0.110798] Switched APIC routing to cluster x2apic.
[    0.120018] clocksource: tsc-early: mask: 0xffffffffffffffff max_cycles: 0x285bfbafad2, max_idle_ns: 440795215530 ns
[    0.120024] Calibrating delay loop (skipped), value calculated using timer frequency.. 5599.85 BogoMIPS (lpj=11199708)
[    0.120055] CPU0: Thermal monitoring enabled (TM1)
[    0.120105] process: using mwait in idle threads
[    0.120107] Last level iTLB entries: 4KB 128, 2MB 8, 4MB 8
[    0.120109] Last level dTLB entries: 4KB 64, 2MB 0, 4MB 0, 1GB 4
[    0.120115] Spectre V1 : Mitigation: usercopy/swapgs barriers and __user pointer sanitization
[    0.120116] Spectre V2 : Mitigation: IBRS
[    0.120117] Spectre V2 : Spectre v2 / SpectreRSB mitigation: Filling RSB on context switch
[    0.120118] Spectre V2 : Spectre v2 / SpectreRSB : Filling RSB on VMEXIT
[    0.120119] RETBleed: Mitigation: IBRS
[    0.120121] Spectre V2 : mitigation: Enabling conditional Indirect Branch Prediction Barrier
[    0.120122] Speculative Store Bypass: Mitigation: Speculative Store Bypass disabled via prctl
[    0.120127] MDS: Mitigation: Clear CPU buffers
[    0.120128] MMIO Stale Data: Mitigation: Clear CPU buffers
[    0.120132] SRBDS: Mitigation: Microcode
[    0.120138] GDS: Mitigation: Microcode (locked)
[    0.120143] x86/fpu: Supporting XSAVE feature 0x001: 'x87 floating point registers'
[    0.120145] x86/fpu: Supporting XSAVE feature 0x002: 'SSE registers'
[    0.120146] x86/fpu: Supporting XSAVE feature 0x004: 'AVX registers'
[    0.120147] x86/fpu: Supporting XSAVE feature 0x008: 'MPX bounds registers'
[    0.120148] x86/fpu: Supporting XSAVE feature 0x010: 'MPX CSR'
[    0.120150] x86/fpu: xstate_offset[2]:  576, xstate_sizes[2]:  256
[    0.120152] x86/fpu: xstate_offset[3]:  832, xstate_sizes[3]:   64
[    0.120154] x86/fpu: xstate_offset[4]:  896, xstate_sizes[4]:   64
[    0.120156] x86/fpu: Enabled xstate features 0x1f, context size is 960 bytes, using 'compacted' format.
[    0.124021] Freeing SMP alternatives memory: 44K
[    0.124021] pid_max: default: 32768 minimum: 301
[    0.124021] LSM: Security Framework initializing
[    0.124021] landlock: Up and running.
[    0.124021] Yama: becoming mindful.
[    0.124021] AppArmor: AppArmor initialized
[    0.124021] Mount-cache hash table entries: 32768 (order: 6, 262144 bytes, linear)
[    0.124021] Mountpoint-cache hash table entries: 32768 (order: 6, 262144 bytes, linear)
[    0.124021] smpboot: CPU0: Intel(R) Core(TM) i5-8400 CPU @ 2.80GHz (family: 0x6, model: 0x9e, stepping: 0xa)
[    0.124021] cblist_init_generic: Setting adjustable number of callback queues.
[    0.124021] cblist_init_generic: Setting shift to 3 and lim to 1.
[    0.124021] cblist_init_generic: Setting adjustable number of callback queues.
[    0.124021] cblist_init_generic: Setting shift to 3 and lim to 1.
[    0.124021] cblist_init_generic: Setting adjustable number of callback queues.
[    0.124021] cblist_init_generic: Setting shift to 3 and lim to 1.
[    0.124021] Performance Events: PEBS fmt3+, Skylake events, 32-deep LBR, full-width counters, Intel PMU driver.
[    0.124021] ... version:                4
[    0.124021] ... bit width:              48
[    0.124021] ... generic registers:      8
[    0.124021] ... value mask:             0000ffffffffffff
[    0.124021] ... max period:             00007fffffffffff
[    0.124021] ... fixed-purpose events:   3
[    0.124021] ... event mask:             00000007000000ff
[    0.124021] signal: max sigframe size: 2032
[    0.124021] Estimated ratio of average max frequency by base frequency (times 1024): 1426
[    0.124021] rcu: Hierarchical SRCU implementation.
[    0.124021] rcu: 	Max phase no-delay instances is 1000.
[    0.124021] NMI watchdog: Enabled. Permanently consumes one hw-PMU counter.
[    0.124021] smp: Bringing up secondary CPUs ...
[    0.124021] x86: Booting SMP configuration:
[    0.124021] .... node  #0, CPUs:      #1 #2 #3 #4 #5
[    0.129032] smp: Brought up 1 node, 6 CPUs
[    0.129032] smpboot: Max logical packages: 1
[    0.129032] smpboot: Total of 6 processors activated (33599.12 BogoMIPS)
[    0.129799] devtmpfs: initialized
[    0.129799] x86/mm: Memory block size: 128MB
[    0.133095] ACPI: PM: Registering ACPI NVS region [mem 0x7c1c3000-0x7c226fff] (409600 bytes)
[    0.133145] clocksource: jiffies: mask: 0xffffffff max_cycles: 0xffffffff, max_idle_ns: 7645041785100000 ns
[    0.133156] futex hash table entries: 2048 (order: 5, 131072 bytes, linear)
[    0.133202] pinctrl core: initialized pinctrl subsystem
[    0.133589] PM: RTC time: 04:10:16, date: 2024-05-12
[    0.134044] NET: Registered PF_NETLINK/PF_ROUTE protocol family
[    0.134311] DMA: preallocated 2048 KiB GFP_KERNEL pool for atomic allocations
[    0.134426] DMA: preallocated 2048 KiB GFP_KERNEL|GFP_DMA pool for atomic allocations
[    0.134546] DMA: preallocated 2048 KiB GFP_KERNEL|GFP_DMA32 pool for atomic allocations
[    0.134555] audit: initializing netlink subsys (disabled)
[    0.134596] audit: type=2000 audit(1715487016.012:1): state=initialized audit_enabled=0 res=1
[    0.134711] thermal_sys: Registered thermal governor 'fair_share'
[    0.134712] thermal_sys: Registered thermal governor 'bang_bang'
[    0.134713] thermal_sys: Registered thermal governor 'step_wise'
[    0.134714] thermal_sys: Registered thermal governor 'user_space'
[    0.134715] thermal_sys: Registered thermal governor 'power_allocator'
[    0.134721] EISA bus registered
[    0.134731] cpuidle: using governor ladder
[    0.134735] cpuidle: using governor menu
[    0.134794] acpiphp: ACPI Hot Plug PCI Controller Driver version: 0.5
[    0.134794] PCI: MMCONFIG for domain 0000 [bus 00-ff] at [mem 0xe0000000-0xefffffff] (base 0xe0000000)
[    0.134794] PCI: MMCONFIG at [mem 0xe0000000-0xefffffff] reserved in E820
[    0.134794] PCI: Using configuration type 1 for base access
[    0.134794] ENERGY_PERF_BIAS: Set to 'normal', was 'performance'
[    0.137038] kprobes: kprobe jump-optimization is enabled. All kprobes are optimized if possible.
[    0.137043] HugeTLB: registered 1.00 GiB page size, pre-allocated 0 pages
[    0.137043] HugeTLB: 0 KiB vmemmap can be freed for a 1.00 GiB page
[    0.137043] HugeTLB: registered 2.00 MiB page size, pre-allocated 0 pages
[    0.137043] HugeTLB: 0 KiB vmemmap can be freed for a 2.00 MiB page
[    0.137043] ACPI: Added _OSI(Module Device)
[    0.137043] ACPI: Added _OSI(Processor Device)
[    0.137043] ACPI: Added _OSI(3.0 _SCP Extensions)
[    0.137043] ACPI: Added _OSI(Processor Aggregator Device)
[    0.215280] ACPI: 11 ACPI AML tables successfully acquired and loaded
[    0.227044] ACPI: Dynamic OEM Table Load:
[    0.227052] ACPI: SSDT 0xFFFF96868199B300 0000F4 (v02 PmRef  Cpu0Psd  00003000 INTL 20160527)
[    0.228989] ACPI: \_SB_.PR00: _OSC native thermal LVT Acked
[    0.231693] ACPI: Dynamic OEM Table Load:
[    0.231700] ACPI: SSDT 0xFFFF9686813FB800 000400 (v02 PmRef  Cpu0Cst  00003001 INTL 20160527)
[    0.233816] ACPI: Dynamic OEM Table Load:
[    0.233823] ACPI: SSDT 0xFFFF968681849800 0005C3 (v02 PmRef  Cpu0Ist  00003000 INTL 20160527)
[    0.236111] ACPI: Dynamic OEM Table Load:
[    0.236117] ACPI: SSDT 0xFFFF9686813C3000 000149 (v02 PmRef  Cpu0Hwp  00003000 INTL 20160527)
[    0.238108] ACPI: Dynamic OEM Table Load:
[    0.238115] ACPI: SSDT 0xFFFF96868184B000 000724 (v02 PmRef  HwpLvt   00003000 INTL 20160527)
[    0.240513] ACPI: Dynamic OEM Table Load:
[    0.240519] ACPI: SSDT 0xFFFF968681848000 0005FC (v02 PmRef  ApIst    00003000 INTL 20160527)
[    0.242758] ACPI: Dynamic OEM Table Load:
[    0.242764] ACPI: SSDT 0xFFFF9686813F9C00 000317 (v02 PmRef  ApHwp    00003000 INTL 20160527)
[    0.245045] ACPI: Dynamic OEM Table Load:
[    0.245052] ACPI: SSDT 0xFFFF968680E17000 000AB0 (v02 PmRef  ApPsd    00003000 INTL 20160527)
[    0.248190] ACPI: Dynamic OEM Table Load:
[    0.248196] ACPI: SSDT 0xFFFF9686813FA800 00030A (v02 PmRef  ApCst    00003000 INTL 20160527)
[    0.256187] ACPI: Interpreter enabled
[    0.256231] ACPI: PM: (supports S0 S3 S4 S5)
[    0.256232] ACPI: Using IOAPIC for interrupt routing
[    0.256279] PCI: Using host bridge windows from ACPI; if necessary, use "pci=nocrs" and report a bug
[    0.256281] PCI: Using E820 reservations for host bridge windows
[    0.258320] ACPI: Enabled 9 GPEs in block 00 to 7F
[    0.278208] ACPI: PM: Power Resource [USBC]
[    0.278444] ACPI: PM: Power Resource [PAUD]
[    0.283236] ACPI: PM: Power Resource [SPR0]
[    0.283722] ACPI: PM: Power Resource [V0PR]
[    0.284330] ACPI: PM: Power Resource [V1PR]
[    0.284930] ACPI: PM: Power Resource [V2PR]
[    0.288904] ACPI: PM: Power Resource [PXTC]
[    0.293844] ACPI: PM: Power Resource [WRST]
[    0.299035] ACPI: PM: Power Resource [FN00]
[    0.299153] ACPI: PM: Power Resource [FN01]
[    0.299266] ACPI: PM: Power Resource [FN02]
[    0.299378] ACPI: PM: Power Resource [FN03]
[    0.299489] ACPI: PM: Power Resource [FN04]
[    0.300483] ACPI: PM: Power Resource [PIN]
[    0.300762] ACPI: PM: Power Resource [SPR1]
[    0.300841] ACPI: PM: Power Resource [SPR2]
[    0.300920] ACPI: PM: Power Resource [SPR3]
[    0.300999] ACPI: PM: Power Resource [SPR5]
[    0.301418] ACPI: PM: Power Resource [ZPDR]
[    0.301921] ACPI: PCI Root Bridge [PCI0] (domain 0000 [bus 00-fe])
[    0.301930] acpi PNP0A08:00: _OSC: OS supports [ExtendedConfig ASPM ClockPM Segments MSI EDR HPX-Type3]
[    0.305658] acpi PNP0A08:00: _OSC: OS now controls [PCIeHotplug SHPCHotplug PME AER PCIeCapability LTR DPC]
[    0.307409] PCI host bridge to bus 0000:00
[    0.307412] pci_bus 0000:00: root bus resource [io  0x0000-0x0cf7 window]
[    0.307414] pci_bus 0000:00: root bus resource [io  0x0d00-0xffff window]
[    0.307416] pci_bus 0000:00: root bus resource [mem 0x000a0000-0x000bffff window]
[    0.307419] pci_bus 0000:00: root bus resource [mem 0x000e0000-0x000effff window]
[    0.307420] pci_bus 0000:00: root bus resource [mem 0x8c800000-0xdfffffff window]
[    0.307422] pci_bus 0000:00: root bus resource [mem 0xfc800000-0xfe7fffff window]
[    0.307424] pci_bus 0000:00: root bus resource [bus 00-fe]
[    0.307546] pci 0000:00:00.0: [8086:3ec2] type 00 class 0x060000
[    0.307630] pci 0000:00:01.0: [8086:1901] type 01 class 0x060400
[    0.307675] pci 0000:00:01.0: PME# supported from D0 D3hot D3cold
[    0.308578] pci 0000:00:02.0: [8086:3e92] type 00 class 0x030000
[    0.308587] pci 0000:00:02.0: reg 0x10: [mem 0x8d000000-0x8dffffff 64bit]
[    0.308594] pci 0000:00:02.0: reg 0x18: [mem 0x90000000-0x9fffffff 64bit pref]
[    0.308598] pci 0000:00:02.0: reg 0x20: [io  0x5000-0x503f]
[    0.308616] pci 0000:00:02.0: BAR 2: assigned to efifb
[    0.308620] pci 0000:00:02.0: Video device with shadowed ROM at [mem 0x000c0000-0x000dffff]
[    0.309031] pci 0000:00:12.0: [8086:a379] type 00 class 0x118000
[    0.309070] pci 0000:00:12.0: reg 0x10: [mem 0x8e621000-0x8e621fff 64bit]
[    0.309375] pci 0000:00:14.0: [8086:a36d] type 00 class 0x0c0330
[    0.309412] pci 0000:00:14.0: reg 0x10: [mem 0x8e600000-0x8e60ffff 64bit]
[    0.309557] pci 0000:00:14.0: PME# supported from D3hot D3cold
[    0.311964] pci 0000:00:14.2: [8086:a36f] type 00 class 0x050000
[    0.311995] pci 0000:00:14.2: reg 0x10: [mem 0x8e616000-0x8e617fff 64bit]
[    0.312016] pci 0000:00:14.2: reg 0x18: [mem 0x8e620000-0x8e620fff 64bit]
[    0.312206] pci 0000:00:14.5: [8086:a375] type 00 class 0x080501
[    0.312238] pci 0000:00:14.5: reg 0x10: [mem 0x8e61f000-0x8e61ffff 64bit]
[    0.313181] pci 0000:00:15.0: [8086:a368] type 00 class 0x0c8000
[    0.313757] pci 0000:00:15.0: reg 0x10: [mem 0x00000000-0x00000fff 64bit]
[    0.316801] pci 0000:00:15.1: [8086:a369] type 00 class 0x0c8000
[    0.317378] pci 0000:00:15.1: reg 0x10: [mem 0x00000000-0x00000fff 64bit]
[    0.320121] pci 0000:00:16.0: [8086:a360] type 00 class 0x078000
[    0.320153] pci 0000:00:16.0: reg 0x10: [mem 0x8e61c000-0x8e61cfff 64bit]
[    0.320278] pci 0000:00:16.0: PME# supported from D3hot
[    0.321030] pci 0000:00:17.0: [8086:a352] type 00 class 0x010601
[    0.321054] pci 0000:00:17.0: reg 0x10: [mem 0x8e614000-0x8e615fff]
[    0.321066] pci 0000:00:17.0: reg 0x14: [mem 0x8e61b000-0x8e61b0ff]
[    0.321078] pci 0000:00:17.0: reg 0x18: [io  0x5090-0x5097]
[    0.321089] pci 0000:00:17.0: reg 0x1c: [io  0x5080-0x5083]
[    0.321101] pci 0000:00:17.0: reg 0x20: [io  0x5060-0x507f]
[    0.321113] pci 0000:00:17.0: reg 0x24: [mem 0x8e61a000-0x8e61a7ff]
[    0.321195] pci 0000:00:17.0: PME# supported from D3hot
[    0.321823] pci 0000:00:1c.0: [8086:a33c] type 01 class 0x060400
[    0.322032] pci 0000:00:1c.0: PME# supported from D0 D3hot D3cold
[    0.322092] pci 0000:00:1c.0: PTM enabled (root), 4ns granularity
[    0.323311] pci 0000:00:1c.6: [8086:a33e] type 01 class 0x060400
[    0.323517] pci 0000:00:1c.6: PME# supported from D0 D3hot D3cold
[    0.323569] pci 0000:00:1c.6: PTM enabled (root), 4ns granularity
[    0.324755] pci 0000:00:1d.0: [8086:a330] type 01 class 0x060400
[    0.324971] pci 0000:00:1d.0: PME# supported from D0 D3hot D3cold
[    0.325033] pci 0000:00:1d.0: PTM enabled (root), 4ns granularity
[    0.326634] pci 0000:00:1e.0: [8086:a328] type 00 class 0x078000
[    0.327211] pci 0000:00:1e.0: reg 0x10: [mem 0x00000000-0x00000fff 64bit]
[    0.329900] pci 0000:00:1f.0: [8086:a304] type 00 class 0x060100
[    0.330548] pci 0000:00:1f.3: [8086:a348] type 00 class 0x040300
[    0.330608] pci 0000:00:1f.3: reg 0x10: [mem 0x8e610000-0x8e613fff 64bit]
[    0.330683] pci 0000:00:1f.3: reg 0x20: [mem 0x8e000000-0x8e0fffff 64bit]
[    0.330834] pci 0000:00:1f.3: PME# supported from D3hot D3cold
[    0.335568] pci 0000:00:1f.4: [8086:a323] type 00 class 0x0c0500
[    0.335750] pci 0000:00:1f.4: reg 0x10: [mem 0x8e618000-0x8e6180ff 64bit]
[    0.335965] pci 0000:00:1f.4: reg 0x20: [io  0xefa0-0xefbf]
[    0.336536] pci 0000:00:1f.5: [8086:a324] type 00 class 0x0c8000
[    0.336563] pci 0000:00:1f.5: reg 0x10: [mem 0xfe010000-0xfe010fff]
[    0.336858] pci 0000:01:00.0: [15b3:1017] type 00 class 0x020000
[    0.337007] pci 0000:01:00.0: reg 0x10: [mem 0xa2000000-0xa3ffffff 64bit pref]
[    0.337238] pci 0000:01:00.0: reg 0x30: [mem 0x8e200000-0x8e2fffff pref]
[    0.337903] pci 0000:01:00.0: PME# supported from D3cold
[    0.338380] pci 0000:01:00.0: 31.504 Gb/s available PCIe bandwidth, limited by 8.0 GT/s PCIe x4 link at 0000:00:01.0 (capable of 126.016 Gb/s with 8.0 GT/s PCIe x16 link)
[    0.338861] pci 0000:01:00.1: [15b3:1017] type 00 class 0x020000
[    0.339009] pci 0000:01:00.1: reg 0x10: [mem 0xa0000000-0xa1ffffff 64bit pref]
[    0.339238] pci 0000:01:00.1: reg 0x30: [mem 0x8e100000-0x8e1fffff pref]
[    0.339855] pci 0000:01:00.1: PME# supported from D3cold
[    0.340620] pci 0000:00:01.0: PCI bridge to [bus 01]
[    0.340623] pci 0000:00:01.0:   bridge window [mem 0x8e100000-0x8e2fffff]
[    0.340627] pci 0000:00:01.0:   bridge window [mem 0xa0000000-0xa3ffffff 64bit pref]
[    0.340847] pci 0000:02:00.0: [10ec:c821] type 00 class 0x028000
[    0.340938] pci 0000:02:00.0: reg 0x10: [io  0x4000-0x40ff]
[    0.340972] pci 0000:02:00.0: reg 0x18: [mem 0x8e500000-0x8e50ffff 64bit]
[    0.341219] pci 0000:02:00.0: supports D1 D2
[    0.341220] pci 0000:02:00.0: PME# supported from D0 D1 D2 D3hot D3cold
[    0.342017] pci 0000:00:1c.0: PCI bridge to [bus 02]
[    0.342023] pci 0000:00:1c.0:   bridge window [io  0x4000-0x4fff]
[    0.342029] pci 0000:00:1c.0:   bridge window [mem 0x8e500000-0x8e5fffff]
[    0.342186] pci 0000:03:00.0: [10ec:8168] type 00 class 0x020000
[    0.342215] pci 0000:03:00.0: reg 0x10: [io  0x3000-0x30ff]
[    0.342253] pci 0000:03:00.0: reg 0x18: [mem 0x8e404000-0x8e404fff 64bit]
[    0.342277] pci 0000:03:00.0: reg 0x20: [mem 0x8e400000-0x8e403fff 64bit]
[    0.342434] pci 0000:03:00.0: supports D1 D2
[    0.342435] pci 0000:03:00.0: PME# supported from D0 D1 D2 D3hot D3cold
[    0.342736] pci 0000:00:1c.6: PCI bridge to [bus 03]
[    0.342742] pci 0000:00:1c.6:   bridge window [io  0x3000-0x3fff]
[    0.342748] pci 0000:00:1c.6:   bridge window [mem 0x8e400000-0x8e4fffff]
[    0.343022] pci 0000:04:00.0: [15b7:5017] type 00 class 0x010802
[    0.343058] pci 0000:04:00.0: reg 0x10: [mem 0x8e300000-0x8e303fff 64bit]
[    0.343411] pci 0000:04:00.0: 31.504 Gb/s available PCIe bandwidth, limited by 8.0 GT/s PCIe x4 link at 0000:00:1d.0 (capable of 63.012 Gb/s with 16.0 GT/s PCIe x4 link)
[    0.343635] pci 0000:00:1d.0: PCI bridge to [bus 04]
[    0.343645] pci 0000:00:1d.0:   bridge window [mem 0x8e300000-0x8e3fffff]
[    0.346165] ACPI: PCI: Interrupt link LNKA configured for IRQ 0
[    0.346282] ACPI: PCI: Interrupt link LNKB configured for IRQ 1
[    0.346395] ACPI: PCI: Interrupt link LNKC configured for IRQ 0
[    0.346508] ACPI: PCI: Interrupt link LNKD configured for IRQ 0
[    0.346622] ACPI: PCI: Interrupt link LNKE configured for IRQ 0
[    0.346735] ACPI: PCI: Interrupt link LNKF configured for IRQ 0
[    0.346849] ACPI: PCI: Interrupt link LNKG configured for IRQ 0
[    0.346962] ACPI: PCI: Interrupt link LNKH configured for IRQ 0
[    0.360529] iommu: Default domain type: Translated 
[    0.360529] iommu: DMA domain TLB invalidation policy: lazy mode 
[    0.360529] SCSI subsystem initialized
[    0.360529] libata version 3.00 loaded.
[    0.360529] ACPI: bus type USB registered
[    0.360529] usbcore: registered new interface driver usbfs
[    0.360529] usbcore: registered new interface driver hub
[    0.360529] usbcore: registered new device driver usb
[    0.360529] pps_core: LinuxPPS API ver. 1 registered
[    0.360529] pps_core: Software ver. 5.3.6 - Copyright 2005-2007 Rodolfo Giometti <giometti@linux.it>
[    0.360529] PTP clock support registered
[    0.360529] EDAC MC: Ver: 3.0.0
[    0.360608] Registered efivars operations
[    0.360608] NetLabel: Initializing
[    0.360608] NetLabel:  domain hash size = 128
[    0.360608] NetLabel:  protocols = UNLABELED CIPSOv4 CALIPSO
[    0.360608] NetLabel:  unlabeled traffic allowed by default
[    0.360608] mctp: management component transport protocol core
[    0.360608] NET: Registered PF_MCTP protocol family
[    0.360608] PCI: Using ACPI for IRQ routing
[    0.448012] PCI: pci_cache_line_size set to 64 bytes
[    0.448621] e820: reserve RAM buffer [mem 0x0009f000-0x0009ffff]
[    0.448623] e820: reserve RAM buffer [mem 0x74000018-0x77ffffff]
[    0.448625] e820: reserve RAM buffer [mem 0x74011018-0x77ffffff]
[    0.448626] e820: reserve RAM buffer [mem 0x7403b018-0x77ffffff]
[    0.448628] e820: reserve RAM buffer [mem 0x787e4000-0x7bffffff]
[    0.448629] e820: reserve RAM buffer [mem 0x7a2d8000-0x7bffffff]
[    0.448630] e820: reserve RAM buffer [mem 0x7bce0000-0x7bffffff]
[    0.448631] e820: reserve RAM buffer [mem 0x7fd0f000-0x7fffffff]
[    0.448632] e820: reserve RAM buffer [mem 0x471800000-0x473ffffff]
[    0.448646] pci 0000:00:02.0: vgaarb: setting as boot VGA device
[    0.448646] pci 0000:00:02.0: vgaarb: bridge control possible
[    0.448646] pci 0000:00:02.0: vgaarb: VGA device added: decodes=io+mem,owns=io+mem,locks=none
[    0.448646] vgaarb: loaded
[    0.449143] clocksource: Switched to clocksource tsc-early
[    0.459904] VFS: Disk quotas dquot_6.6.0
[    0.459918] VFS: Dquot-cache hash table entries: 512 (order 0, 4096 bytes)
[    0.460036] AppArmor: AppArmor Filesystem Enabled
[    0.460072] pnp: PnP ACPI init
[    0.460208] system 00:00: [mem 0x40000000-0x403fffff] could not be reserved
[    0.460531] system 00:01: [io  0x0680-0x069f] has been reserved
[    0.460534] system 00:01: [io  0x164e-0x164f] has been reserved
[    0.460696] system 00:02: [io  0x1854-0x1857] has been reserved
[    0.460998] system 00:03: [mem 0xfed10000-0xfed17fff] has been reserved
[    0.461000] system 00:03: [mem 0xfed18000-0xfed18fff] has been reserved
[    0.461002] system 00:03: [mem 0xfed19000-0xfed19fff] has been reserved
[    0.461004] system 00:03: [mem 0xe0000000-0xefffffff] has been reserved
[    0.461006] system 00:03: [mem 0xfed20000-0xfed3ffff] has been reserved
[    0.461009] system 00:03: [mem 0xfed90000-0xfed93fff] could not be reserved
[    0.461011] system 00:03: [mem 0xfed45000-0xfed8ffff] has been reserved
[    0.461013] system 00:03: [mem 0xfee00000-0xfeefffff] could not be reserved
[    0.461316] system 00:04: [io  0x1800-0x18fe] could not be reserved
[    0.461319] system 00:04: [mem 0xfd000000-0xfd69ffff] has been reserved
[    0.461321] system 00:04: [mem 0xfd6c0000-0xfd6cffff] has been reserved
[    0.461322] system 00:04: [mem 0xfd6f0000-0xfdffffff] has been reserved
[    0.461324] system 00:04: [mem 0xfe000000-0xfe01ffff] could not be reserved
[    0.461326] system 00:04: [mem 0xfe200000-0xfe7fffff] has been reserved
[    0.461328] system 00:04: [mem 0xff000000-0xffffffff] has been reserved
[    0.461737] system 00:05: [io  0x2000-0x20fe] has been reserved
[    0.465034] pnp: PnP ACPI: found 7 devices
[    0.470836] clocksource: acpi_pm: mask: 0xffffff max_cycles: 0xffffff, max_idle_ns: 2085701024 ns
[    0.470954] NET: Registered PF_INET protocol family
[    0.471092] IP idents hash table entries: 262144 (order: 9, 2097152 bytes, linear)
[    0.474113] tcp_listen_portaddr_hash hash table entries: 8192 (order: 5, 131072 bytes, linear)
[    0.474139] Table-perturb hash table entries: 65536 (order: 6, 262144 bytes, linear)
[    0.474205] TCP established hash table entries: 131072 (order: 8, 1048576 bytes, linear)
[    0.474422] TCP bind hash table entries: 65536 (order: 9, 2097152 bytes, linear)
[    0.474671] TCP: Hash tables configured (established 131072 bind 65536)
[    0.474744] MPTCP token hash table entries: 16384 (order: 6, 393216 bytes, linear)
[    0.474797] UDP hash table entries: 8192 (order: 6, 262144 bytes, linear)
[    0.474837] UDP-Lite hash table entries: 8192 (order: 6, 262144 bytes, linear)
[    0.474890] NET: Registered PF_UNIX/PF_LOCAL protocol family
[    0.474896] NET: Registered PF_XDP protocol family
[    0.474910] clipped [mem size 0x00000000 64bit] to [mem size 0xfffffffffffa0000 64bit] for e820 entry [mem 0x0009f000-0x000fffff]
[    0.474914] clipped [mem size 0x00000000 64bit] to [mem size 0xfffffffffffe0000 64bit] for e820 entry [mem 0x0009f000-0x000fffff]
[    0.474918] clipped [mem size 0x00020000 64bit] to [mem size 0xfffffffffffc0000 64bit] for e820 entry [mem 0x0009f000-0x000fffff]
[    0.474921] clipped [mem size 0x00010000 64bit] to [mem size 0xffffffffffff0000 64bit] for e820 entry [mem 0x0009f000-0x000fffff]
[    0.474924] pci 0000:00:15.0: BAR 0: assigned [mem 0x8c800000-0x8c800fff 64bit]
[    0.475196] clipped [mem size 0x00000000 64bit] to [mem size 0xfffffffffffa0000 64bit] for e820 entry [mem 0x0009f000-0x000fffff]
[    0.475198] clipped [mem size 0x00000000 64bit] to [mem size 0xfffffffffffe0000 64bit] for e820 entry [mem 0x0009f000-0x000fffff]
[    0.475201] clipped [mem size 0x00020000 64bit] to [mem size 0xfffffffffffc0000 64bit] for e820 entry [mem 0x0009f000-0x000fffff]
[    0.475203] clipped [mem size 0x00010000 64bit] to [mem size 0xffffffffffff0000 64bit] for e820 entry [mem 0x0009f000-0x000fffff]
[    0.475206] pci 0000:00:15.1: BAR 0: assigned [mem 0x8c801000-0x8c801fff 64bit]
[    0.475479] clipped [mem size 0x00000000 64bit] to [mem size 0xfffffffffffa0000 64bit] for e820 entry [mem 0x0009f000-0x000fffff]
[    0.475481] clipped [mem size 0x00000000 64bit] to [mem size 0xfffffffffffe0000 64bit] for e820 entry [mem 0x0009f000-0x000fffff]
[    0.475485] clipped [mem size 0x00020000 64bit] to [mem size 0xfffffffffffc0000 64bit] for e820 entry [mem 0x0009f000-0x000fffff]
[    0.475487] clipped [mem size 0x00010000 64bit] to [mem size 0xffffffffffff0000 64bit] for e820 entry [mem 0x0009f000-0x000fffff]
[    0.475489] pci 0000:00:1e.0: BAR 0: assigned [mem 0x8c802000-0x8c802fff 64bit]
[    0.475765] pci 0000:00:01.0: PCI bridge to [bus 01]
[    0.475768] pci 0000:00:01.0:   bridge window [mem 0x8e100000-0x8e2fffff]
[    0.475771] pci 0000:00:01.0:   bridge window [mem 0xa0000000-0xa3ffffff 64bit pref]
[    0.475775] pci 0000:00:1c.0: PCI bridge to [bus 02]
[    0.475782] pci 0000:00:1c.0:   bridge window [io  0x4000-0x4fff]
[    0.475790] pci 0000:00:1c.0:   bridge window [mem 0x8e500000-0x8e5fffff]
[    0.475804] pci 0000:00:1c.6: PCI bridge to [bus 03]
[    0.475807] pci 0000:00:1c.6:   bridge window [io  0x3000-0x3fff]
[    0.475815] pci 0000:00:1c.6:   bridge window [mem 0x8e400000-0x8e4fffff]
[    0.475829] pci 0000:00:1d.0: PCI bridge to [bus 04]
[    0.475838] pci 0000:00:1d.0:   bridge window [mem 0x8e300000-0x8e3fffff]
[    0.475851] pci_bus 0000:00: resource 4 [io  0x0000-0x0cf7 window]
[    0.475853] pci_bus 0000:00: resource 5 [io  0x0d00-0xffff window]
[    0.475855] pci_bus 0000:00: resource 6 [mem 0x000a0000-0x000bffff window]
[    0.475857] pci_bus 0000:00: resource 7 [mem 0x000e0000-0x000effff window]
[    0.475859] pci_bus 0000:00: resource 8 [mem 0x8c800000-0xdfffffff window]
[    0.475860] pci_bus 0000:00: resource 9 [mem 0xfc800000-0xfe7fffff window]
[    0.475862] pci_bus 0000:01: resource 1 [mem 0x8e100000-0x8e2fffff]
[    0.475864] pci_bus 0000:01: resource 2 [mem 0xa0000000-0xa3ffffff 64bit pref]
[    0.475866] pci_bus 0000:02: resource 0 [io  0x4000-0x4fff]
[    0.475867] pci_bus 0000:02: resource 1 [mem 0x8e500000-0x8e5fffff]
[    0.475869] pci_bus 0000:03: resource 0 [io  0x3000-0x3fff]
[    0.475870] pci_bus 0000:03: resource 1 [mem 0x8e400000-0x8e4fffff]
[    0.475872] pci_bus 0000:04: resource 1 [mem 0x8e300000-0x8e3fffff]
[    0.476804] PCI: CLS 64 bytes, default 64
[    0.476828] PCI-DMA: Using software bounce buffering for IO (SWIOTLB)
[    0.476829] software IO TLB: mapped [mem 0x0000000070000000-0x0000000074000000] (64MB)
[    0.476854] Trying to unpack rootfs image as initramfs...
[    0.477049] platform rtc_cmos: registered platform RTC device (no PNP device found)
[    0.477062] sgx: EPC section 0x80200000-0x85f7ffff
[    0.477798] Initialise system trusted keyrings
[    0.477806] Key type blacklist registered
[    0.477831] workingset: timestamp_bits=36 max_order=22 bucket_order=0
[    0.479431] zbud: loaded
[    0.479809] squashfs: version 4.0 (2009/01/31) Phillip Lougher
[    0.479942] fuse: init (API version 7.37)
[    0.480090] integrity: Platform Keyring initialized
[    0.480095] integrity: Machine keyring initialized
[    0.488107] Key type asymmetric registered
[    0.488110] Asymmetric key parser 'x509' registered
[    1.492820] tsc: Refined TSC clocksource calibration: 2807.999 MHz
[    1.492828] clocksource: tsc: mask: 0xffffffffffffffff max_cycles: 0x2879c523a63, max_idle_ns: 440795252908 ns
[    1.492843] clocksource: Switched to clocksource tsc
[    3.793807] Freeing initrd memory: 517384K
[    3.797394] alg: self-tests for CTR-KDF (hmac(sha256)) passed
[    3.797417] Block layer SCSI generic (bsg) driver version 0.4 loaded (major 243)
[    3.797446] io scheduler mq-deadline registered
[    3.797956] pcieport 0000:00:01.0: PME: Signaling with IRQ 122
[    3.798248] pcieport 0000:00:1c.0: PME: Signaling with IRQ 123
[    3.798328] pcieport 0000:00:1c.0: AER: enabled with IRQ 123
[    3.798383] pcieport 0000:00:1c.0: DPC: enabled with IRQ 123
[    3.798384] pcieport 0000:00:1c.0: DPC: error containment capabilities: Int Msg #0, RPExt+ PoisonedTLP+ SwTrigger+ RP PIO Log 4, DL_ActiveErr+
[    3.798771] pcieport 0000:00:1c.6: PME: Signaling with IRQ 124
[    3.798846] pcieport 0000:00:1c.6: AER: enabled with IRQ 124
[    3.798889] pcieport 0000:00:1c.6: DPC: enabled with IRQ 124
[    3.798890] pcieport 0000:00:1c.6: DPC: error containment capabilities: Int Msg #0, RPExt+ PoisonedTLP+ SwTrigger+ RP PIO Log 4, DL_ActiveErr+
[    3.799247] pcieport 0000:00:1d.0: PME: Signaling with IRQ 125
[    3.799317] pcieport 0000:00:1d.0: AER: enabled with IRQ 125
[    3.799358] pcieport 0000:00:1d.0: DPC: enabled with IRQ 125
[    3.799360] pcieport 0000:00:1d.0: DPC: error containment capabilities: Int Msg #0, RPExt+ PoisonedTLP+ SwTrigger+ RP PIO Log 4, DL_ActiveErr+
[    3.799527] shpchp: Standard Hot Plug PCI Controller Driver version: 0.4
[    3.800193] input: Sleep Button as /devices/LNXSYSTM:00/LNXSYBUS:00/PNP0C0E:00/input/input0
[    3.800217] ACPI: button: Sleep Button [SLPB]
[    3.800248] input: Power Button as /devices/LNXSYSTM:00/LNXSYBUS:00/PNP0C0C:00/input/input1
[    3.800266] ACPI: button: Power Button [PWRB]
[    3.800296] input: Power Button as /devices/LNXSYSTM:00/LNXPWRBN:00/input/input2
[    3.800392] ACPI: button: Power Button [PWRF]
[    3.803556] thermal LNXTHERM:00: registered as thermal_zone0
[    3.803558] ACPI: thermal: Thermal Zone [HPTZ] (51 C)
[    3.804087] thermal LNXTHERM:01: registered as thermal_zone1
[    3.804089] ACPI: thermal: Thermal Zone [TZ00] (28 C)
[    3.804329] Serial: 8250/16550 driver, 32 ports, IRQ sharing enabled
[    3.826738] serial8250: ttyS0 at I/O 0x3f8 (irq = 4, base_baud = 115200) is a 16550A
[    3.828692] hpet_acpi_add: no address or irqs in _CRS
[    3.828718] Linux agpgart interface v0.103
[    3.830735] loop: module loaded
[    3.830984] tun: Universal TUN/TAP device driver, 1.6
[    3.831036] PPP generic driver version 2.4.2
[    3.831165] i8042: PNP: No PS/2 controller found.
[    3.831207] mousedev: PS/2 mouse device common for all mice
[    3.831307] rtc_cmos rtc_cmos: RTC can wake from S4
[    3.832858] rtc_cmos rtc_cmos: registered as rtc0
[    3.833170] rtc_cmos rtc_cmos: setting system clock to 2024-05-12T04:10:19 UTC (1715487019)
[    3.833204] rtc_cmos rtc_cmos: alarms up to one month, y3k, 114 bytes nvram
[    3.833211] i2c_dev: i2c /dev entries driver
[    3.833420] device-mapper: core: CONFIG_IMA_DISABLE_HTABLE is disabled. Duplicate IMA measurements will not be recorded in the IMA log.
[    3.833442] device-mapper: uevent: version 1.0.3
[    3.833486] device-mapper: ioctl: 4.47.0-ioctl (2022-07-28) initialised: dm-devel@redhat.com
[    3.833507] platform eisa.0: Probing EISA bus 0
[    3.833512] platform eisa.0: EISA: Cannot allocate resource for mainboard
[    3.833514] platform eisa.0: Cannot allocate resource for EISA slot 1
[    3.833515] platform eisa.0: Cannot allocate resource for EISA slot 2
[    3.833516] platform eisa.0: Cannot allocate resource for EISA slot 3
[    3.833518] platform eisa.0: Cannot allocate resource for EISA slot 4
[    3.833519] platform eisa.0: Cannot allocate resource for EISA slot 5
[    3.833520] platform eisa.0: Cannot allocate resource for EISA slot 6
[    3.833522] platform eisa.0: Cannot allocate resource for EISA slot 7
[    3.833523] platform eisa.0: Cannot allocate resource for EISA slot 8
[    3.833524] platform eisa.0: EISA: Detected 0 cards
[    3.833527] intel_pstate: Intel P-state driver initializing
[    3.833955] intel_pstate: Disabling energy efficiency optimization
[    3.833956] intel_pstate: HWP enabled
[    3.834022] ledtrig-cpu: registered to indicate activity on CPUs
[    3.834039] efifb: probing for efifb
[    3.834053] efifb: showing boot graphics
[    3.834655] efifb: framebuffer at 0x90000000, using 8100k, total 8100k
[    3.834657] efifb: mode is 1920x1080x32, linelength=7680, pages=1
[    3.834658] efifb: scrolling: redraw
[    3.834659] efifb: Truecolor: size=8:8:8:8, shift=24:16:8:0
[    3.834697] fbcon: Deferring console take-over
[    3.834698] fb0: EFI VGA frame buffer device
[    3.834751] intel_pmc_core INT33A1:00:  initialized
[    3.834820] drop_monitor: Initializing network drop monitor service
[    3.834964] NET: Registered PF_INET6 protocol family
[    3.838540] Segment Routing with IPv6
[    3.838547] In-situ OAM (IOAM) with IPv6
[    3.838566] NET: Registered PF_PACKET protocol family
[    3.838683] Key type dns_resolver registered
[    3.839367] microcode: sig=0x906ea, pf=0x2, revision=0xf4
[    3.839494] microcode: Microcode Update Driver: v2.2.
[    3.839499] IPI shorthand broadcast: enabled
[    3.839519] sched_clock: Marking stable (3826464083, 12805381)->(3874251093, -34981629)
[    3.839794] registered taskstats version 1
[    3.840162] Loading compiled-in X.509 certificates
[    3.840975] Loaded X.509 cert 'Build time autogenerated kernel key: 7540c687a312da4b145c00aef0578abaa5ac1bbf'
[    3.841139] zswap: loaded using pool lzo/zbud
[    3.841476] Key type .fscrypt registered
[    3.841478] Key type fscrypt-provisioning registered
[    3.844658] Key type encrypted registered
[    3.844663] AppArmor: AppArmor sha1 policy hashing enabled
[    3.845771] integrity: Loading X.509 certificate: UEFI:db
[    3.845797] integrity: Loaded X.509 cert 'HP Inc.: HP UEFI Secure Boot DB 2017: d9c01b50cfcae89d3b05345c163aa76e5dd589e7'
[    3.845798] integrity: Loading X.509 certificate: UEFI:db
[    3.845818] integrity: Loaded X.509 cert 'Microsoft Corporation UEFI CA 2011: 13adbf4309bd82709c8cd54f316ed522988a1bd4'
[    3.845819] integrity: Loading X.509 certificate: UEFI:db
[    3.845833] integrity: Loaded X.509 cert 'Microsoft Windows Production PCA 2011: a92902398e16c49778cd90f99e4f9ae17c55af53'
[    3.846732] ima: No TPM chip found, activating TPM-bypass!
[    3.846735] Loading compiled-in module X.509 certificates
[    3.847153] Loaded X.509 cert 'Build time autogenerated kernel key: 7540c687a312da4b145c00aef0578abaa5ac1bbf'
[    3.847156] ima: Allocated hash algorithm: sha1
[    3.847161] ima: No architecture policies found
[    3.847170] evm: Initialising EVM extended attributes:
[    3.847171] evm: security.selinux
[    3.847172] evm: security.SMACK64
[    3.847173] evm: security.SMACK64EXEC
[    3.847173] evm: security.SMACK64TRANSMUTE
[    3.847174] evm: security.SMACK64MMAP
[    3.847175] evm: security.apparmor
[    3.847175] evm: security.ima
[    3.847176] evm: security.capability
[    3.847177] evm: HMAC attrs: 0x1
[    3.848639] PM:   Magic number: 8:931:160
[    3.848661] vc vcs1: hash matches
[    3.848686] acpi device:27: hash matches
[    3.848767] RAS: Correctable Errors collector initialized.
[    3.849820] Freeing unused decrypted memory: 2036K
[    3.850244] Freeing unused kernel image (initmem) memory: 3176K
[    3.850325] Write protecting the kernel read-only data: 26624k
[    3.850844] Freeing unused kernel image (text/rodata gap) memory: 2036K
[    3.851006] Freeing unused kernel image (rodata/data gap) memory: 228K
[    3.892113] x86/mm: Checked W+X mappings: passed, no W+X pages found.
[    3.892114] x86/mm: Checking user space page tables
[    3.931410] x86/mm: Checked W+X mappings: passed, no W+X pages found.
[    3.931413] Run /init as init process
[    3.931414]   with arguments:
[    3.931415]     /init
[    3.931416]     splash
[    3.931417]   with environment:
[    3.931417]     HOME=/
[    3.931418]     TERM=linux
[    3.931418]     BOOT_IMAGE=/boot/vmlinuz-6.1.87
[    4.012640] wmi_bus wmi_bus-PNP0C14:02: [Firmware Info]: 8F1F6436-9F42-42C8-BADC-0E9424F20C9A has zero instances
[    4.012643] wmi_bus wmi_bus-PNP0C14:02: [Firmware Info]: 8F1F6435-9F42-42C8-BADC-0E9424F20C9A has zero instances
[    4.012644] wmi_bus wmi_bus-PNP0C14:02: [Firmware Info]: 7391A661-223A-47DB-A77A-7BE84C60822D has zero instances
[    4.012645] wmi_bus wmi_bus-PNP0C14:02: [Firmware Info]: DF4E63B6-3BBC-4858-9737-C74F82F821F3 has zero instances
[    4.074305] sdhci: Secure Digital Host Controller Interface driver
[    4.074308] sdhci: Copyright(c) Pierre Ossman
[    4.075933] ahci 0000:00:17.0: version 3.0
[    4.075943] ahci 0000:00:17.0: enabling device (0100 -> 0103)
[    4.076365] intel-lpss 0000:00:15.0: enabling device (0100 -> 0102)
[    4.076734] idma64 idma64.0: Found Intel integrated DMA 64-bit
[    4.077546] i801_smbus 0000:00:1f.4: SPD Write Disable is set
[    4.077647] i801_smbus 0000:00:1f.4: SMBus using PCI interrupt
[    4.084138] sdhci-pci 0000:00:14.5: SDHCI controller found [8086:a375] (rev 10)
[    4.084154] sdhci-pci 0000:00:14.5: enabling device (0100 -> 0102)
[    4.085853] xhci_hcd 0000:00:14.0: xHCI Host Controller
[    4.085878] xhci_hcd 0000:00:14.0: new USB bus registered, assigned bus number 1
[    4.086309] ahci 0000:00:17.0: AHCI 0001.0301 32 slots 5 ports 6 Gbps 0x3d impl SATA mode
[    4.086313] ahci 0000:00:17.0: flags: 64bit ncq sntf pm clo only pio slum part ems deso sadm sds apst 
[    4.086959] xhci_hcd 0000:00:14.0: hcc params 0x200077c1 hci version 0x110 quirks 0x0000000000009810
[    4.088144] xhci_hcd 0000:00:14.0: xHCI Host Controller
[    4.088149] xhci_hcd 0000:00:14.0: new USB bus registered, assigned bus number 2
[    4.088151] xhci_hcd 0000:00:14.0: Host supports USB 3.1 Enhanced SuperSpeed
[    4.088183] usb usb1: New USB device found, idVendor=1d6b, idProduct=0002, bcdDevice= 6.01
[    4.088186] usb usb1: New USB device strings: Mfr=3, Product=2, SerialNumber=1
[    4.088187] usb usb1: Product: xHCI Host Controller
[    4.088188] usb usb1: Manufacturer: Linux 6.1.87 xhci-hcd
[    4.088189] usb usb1: SerialNumber: 0000:00:14.0
[    4.088877] hub 1-0:1.0: USB hub found
[    4.089071] hub 1-0:1.0: 16 ports detected
[    4.089431] mmc0: SDHCI controller on PCI [0000:00:14.5] using ADMA 64-bit
[    4.090249] i2c i2c-0: 2/2 memory slots populated (from DMI)
[    4.090692] i2c i2c-0: Successfully instantiated SPD at 0x50
[    4.093740] nvme nvme0: pci function 0000:04:00.0
[    4.097432] usb usb2: New USB device found, idVendor=1d6b, idProduct=0003, bcdDevice= 6.01
[    4.097437] usb usb2: New USB device strings: Mfr=3, Product=2, SerialNumber=1
[    4.097439] usb usb2: Product: xHCI Host Controller
[    4.097440] usb usb2: Manufacturer: Linux 6.1.87 xhci-hcd
[    4.097441] usb usb2: SerialNumber: 0000:00:14.0
[    4.097614] hub 2-0:1.0: USB hub found
[    4.097629] hub 2-0:1.0: 8 ports detected
[    4.100354] usb: port power management may be unreliable
[    4.103012] intel-lpss 0000:00:15.1: enabling device (0100 -> 0102)
[    4.103312] idma64 idma64.1: Found Intel integrated DMA 64-bit
[    4.107071] r8169 0000:03:00.0 eth0: RTL8168h/8111h, 10:e7:c6:12:58:ad, XID 541, IRQ 130
[    4.107076] r8169 0000:03:00.0 eth0: jumbo features [frames: 9194 bytes, tx checksumming: ko]
[    4.111611] intel-lpss 0000:00:1e.0: enabling device (0100 -> 0102)
[    4.111927] idma64 idma64.2: Found Intel integrated DMA 64-bit
[    4.127762] nvme nvme0: allocated 32 MiB host memory buffer.
[    4.128950] nvme nvme0: 6/0/0 default/read/poll queues
[    4.132291]  nvme0n1: p1 p2 p3 p4 p6 p7
[    4.139425] scsi host0: ahci
[    4.139564] scsi host1: ahci
[    4.144987] scsi host2: ahci
[    4.145170] scsi host3: ahci
[    4.145398] scsi host4: ahci
[    4.145576] scsi host5: ahci
[    4.145620] ata1: SATA max UDMA/133 abar m2048@0x8e61a000 port 0x8e61a100 irq 126
[    4.145623] ata2: DUMMY
[    4.145626] ata3: SATA max UDMA/133 abar m2048@0x8e61a000 port 0x8e61a200 irq 126
[    4.145628] ata4: SATA max UDMA/133 abar m2048@0x8e61a000 port 0x8e61a280 irq 126
[    4.145631] ata5: SATA max UDMA/133 abar m2048@0x8e61a000 port 0x8e61a300 irq 126
[    4.145634] ata6: SATA max UDMA/133 abar m2048@0x8e61a000 port 0x8e61a380 irq 126
[    4.364875] usb 1-5: new low-speed USB device number 2 using xhci_hcd
[    4.391028] mlx5_core 0000:01:00.0: enabling device (0100 -> 0102)
[    4.391324] mlx5_core 0000:01:00.0: firmware version: 16.35.3502
[    4.391355] mlx5_core 0000:01:00.0: 31.504 Gb/s available PCIe bandwidth, limited by 8.0 GT/s PCIe x4 link at 0000:00:01.0 (capable of 126.016 Gb/s with 8.0 GT/s PCIe x16 link)
[    4.400912] r8169 0000:03:00.0 enp3s0: renamed from eth0
[    4.459672] ata5: SATA link down (SStatus 4 SControl 300)
[    4.459696] ata6: SATA link down (SStatus 4 SControl 300)
[    4.459720] ata3: SATA link down (SStatus 4 SControl 300)
[    4.459742] ata4: SATA link down (SStatus 4 SControl 300)
[    4.463809] ata1: SATA link up 6.0 Gbps (SStatus 133 SControl 300)
[    4.465014] ata1.00: ATA-9: TOSHIBA DT01ACA100, MS2OA800, max UDMA/133
[    4.465223] ata1.00: 1953525168 sectors, multi 0: LBA48 NCQ (depth 32), AA
[    4.466752] ata1.00: configured for UDMA/133
[    4.466931] scsi 0:0:0:0: Direct-Access     ATA      TOSHIBA DT01ACA1 A800 PQ: 0 ANSI: 5
[    4.467465] sd 0:0:0:0: Attached scsi generic sg0 type 0
[    4.467518] sd 0:0:0:0: [sda] 1953525168 512-byte logical blocks: (1.00 TB/932 GiB)
[    4.467520] sd 0:0:0:0: [sda] 4096-byte physical blocks
[    4.467530] sd 0:0:0:0: [sda] Write Protect is off
[    4.467531] sd 0:0:0:0: [sda] Mode Sense: 00 3a 00 00
[    4.467541] sd 0:0:0:0: [sda] Write cache: enabled, read cache: enabled, doesn't support DPO or FUA
[    4.467557] sd 0:0:0:0: [sda] Preferred minimum I/O size 4096 bytes
[    4.516352] usb 1-5: New USB device found, idVendor=093a, idProduct=2510, bcdDevice= 1.00
[    4.516355] usb 1-5: New USB device strings: Mfr=1, Product=2, SerialNumber=0
[    4.516356] usb 1-5: Product: USB Optical Mouse
[    4.516358] usb 1-5: Manufacturer: PixArt
[    4.526140]  sda: sda1 sda2
[    4.526354] sd 0:0:0:0: [sda] Attached SCSI disk
[    4.644808] usb 1-9: new low-speed USB device number 3 using xhci_hcd
[    4.798256] usb 1-9: New USB device found, idVendor=046d, idProduct=c31c, bcdDevice=64.02
[    4.798258] usb 1-9: New USB device strings: Mfr=1, Product=2, SerialNumber=0
[    4.798260] usb 1-9: Product: USB Keyboard
[    4.798261] usb 1-9: Manufacturer: Logitech
[    4.812783] mlx5_core 0000:01:00.0: Rate limit: 127 rates are supported, range: 0Mbps to 97656Mbps
[    4.812878] mlx5_core 0000:01:00.0: E-Switch: Total vports 2, per vport: max uc(128) max mc(2048)
[    4.816838] mlx5_core 0000:01:00.0: Port module event: module 0, Cable unplugged
[    4.817256] mlx5_core 0000:01:00.0: mlx5_pcie_event:301:(pid 257): PCIe slot advertised sufficient power (75W).
[    4.831711] mlx5_core 0000:01:00.0: MLX5E: StrdRq(1) RqSz(8) StrdSz(2048) RxCqeCmprss(1)
[    4.932829] usb 1-14: new full-speed USB device number 4 using xhci_hcd
[    5.006467] mlx5_core 0000:01:00.0: Supported tc offload range - chains: 4294967294, prios: 4294967295
[    5.014945] mlx5_core 0000:01:00.1: enabling device (0100 -> 0102)
[    5.015308] mlx5_core 0000:01:00.1: firmware version: 16.35.3502
[    5.015346] mlx5_core 0000:01:00.1: 31.504 Gb/s available PCIe bandwidth, limited by 8.0 GT/s PCIe x4 link at 0000:00:01.0 (capable of 126.016 Gb/s with 8.0 GT/s PCIe x16 link)
[    5.081960] usb 1-14: New USB device found, idVendor=0bda, idProduct=b00a, bcdDevice= 1.10
[    5.081964] usb 1-14: New USB device strings: Mfr=1, Product=2, SerialNumber=3
[    5.081965] usb 1-14: Product: Bluetooth Radio 
[    5.081966] usb 1-14: Manufacturer: Realtek 
[    5.081967] usb 1-14: SerialNumber: 00e04c000001
[    5.090658] hid: raw HID events driver (C) Jiri Kosina
[    5.101899] usbcore: registered new interface driver usbhid
[    5.101901] usbhid: USB HID core driver
[    5.104236] input: PixArt USB Optical Mouse as /devices/pci0000:00/0000:00:14.0/usb1/1-5/1-5:1.0/0003:093A:2510.0001/input/input3
[    5.104347] hid-generic 0003:093A:2510.0001: input,hidraw0: USB HID v1.11 Mouse [PixArt USB Optical Mouse] on usb-0000:00:14.0-5/input0
[    5.104456] input: Logitech USB Keyboard as /devices/pci0000:00/0000:00:14.0/usb1/1-9/1-9:1.0/0003:046D:C31C.0002/input/input4
[    5.161037] hid-generic 0003:046D:C31C.0002: input,hidraw1: USB HID v1.10 Keyboard [Logitech USB Keyboard] on usb-0000:00:14.0-9/input0
[    5.161133] input: Logitech USB Keyboard Consumer Control as /devices/pci0000:00/0000:00:14.0/usb1/1-9/1-9:1.1/0003:046D:C31C.0003/input/input5
[    5.220958] input: Logitech USB Keyboard System Control as /devices/pci0000:00/0000:00:14.0/usb1/1-9/1-9:1.1/0003:046D:C31C.0003/input/input6
[    5.221092] hid-generic 0003:046D:C31C.0003: input,hiddev0,hidraw2: USB HID v1.10 Device [Logitech USB Keyboard] on usb-0000:00:14.0-9/input1
[    5.452565] mlx5_core 0000:01:00.1: Rate limit: 127 rates are supported, range: 0Mbps to 97656Mbps
[    5.452667] mlx5_core 0000:01:00.1: E-Switch: Total vports 2, per vport: max uc(128) max mc(2048)
[    5.456931] mlx5_core 0000:01:00.1: Port module event: module 1, Cable plugged
[    5.457172] mlx5_core 0000:01:00.1: mlx5_pcie_event:301:(pid 256): PCIe slot advertised sufficient power (75W).
[    5.471277] mlx5_core 0000:01:00.1: MLX5E: StrdRq(1) RqSz(8) StrdSz(2048) RxCqeCmprss(1)
[    5.642194] mlx5_core 0000:01:00.1: Supported tc offload range - chains: 4294967294, prios: 4294967295
[    5.652449] mlx5_core 0000:01:00.1 eth1: Disabling rxhash, not supported when CQE compress is active
[    5.684884] mlx5_core 0000:01:00.1 enp1s0f1np1: renamed from eth1
[    5.717513] mlx5_core 0000:01:00.0 eth0: Disabling rxhash, not supported when CQE compress is active
[    5.748855] mlx5_core 0000:01:00.0 enp1s0f0np0: renamed from eth0
[    5.978906] fbcon: Taking over console
[    5.978967] Console: switching to colour frame buffer device 240x67
[    5.993187] EXT4-fs (nvme0n1p4): mounted filesystem with ordered data mode. Quota mode: none.
[    6.192749] systemd[1]: Inserted module 'autofs4'
[    6.310637] systemd[1]: systemd 249.11-0ubuntu3.12 running in system mode (+PAM +AUDIT +SELINUX +APPARMOR +IMA +SMACK +SECCOMP +GCRYPT +GNUTLS +OPENSSL +ACL +BLKID +CURL +ELFUTILS +FIDO2 +IDN2 -IDN +IPTC +KMOD +LIBCRYPTSETUP +LIBFDISK +PCRE2 -PWQUALITY -P11KIT -QRENCODE +BZIP2 +LZ4 +XZ +ZLIB +ZSTD -XKBCOMMON +UTMP +SYSVINIT default-hierarchy=unified)
[    6.310736] systemd[1]: Detected architecture x86-64.
[    6.311128] systemd[1]: Hostname set to <cat>.
[    6.431662] systemd[1]: Queued start job for default target Graphical Interface.
[    6.457301] systemd[1]: Created slice Slice /system/modprobe.
[    6.457601] systemd[1]: Created slice Slice /system/systemd-fsck.
[    6.457765] systemd[1]: Created slice User and Session Slice.
[    6.457833] systemd[1]: Started Forward Password Requests to Wall Directory Watch.
[    6.457988] systemd[1]: Set up automount Arbitrary Executable File Formats File System Automount Point.
[    6.458047] systemd[1]: Reached target User and Group Name Lookups.
[    6.458062] systemd[1]: Reached target Remote File Systems.
[    6.458071] systemd[1]: Reached target Slice Units.
[    6.458086] systemd[1]: Reached target Mounting snaps.
[    6.458108] systemd[1]: Reached target Local Verity Protected Volumes.
[    6.458225] systemd[1]: Listening on Syslog Socket.
[    6.458310] systemd[1]: Listening on fsck to fsckd communication Socket.
[    6.458355] systemd[1]: Listening on initctl Compatibility Named Pipe.
[    6.458522] systemd[1]: Listening on Journal Audit Socket.
[    6.458600] systemd[1]: Listening on Journal Socket (/dev/log).
[    6.458698] systemd[1]: Listening on Journal Socket.
[    6.458807] systemd[1]: Listening on udev Control Socket.
[    6.458891] systemd[1]: Listening on udev Kernel Socket.
[    6.459511] systemd[1]: Mounting Huge Pages File System...
[    6.460193] systemd[1]: Mounting POSIX Message Queue File System...
[    6.460911] systemd[1]: Mounting Kernel Debug File System...
[    6.461577] systemd[1]: Mounting Kernel Trace File System...
[    6.462822] systemd[1]: Starting Journal Service...
[    6.463695] systemd[1]: Starting Set the console keyboard layout...
[    6.464390] systemd[1]: Starting Create List of Static Device Nodes...
[    6.465107] systemd[1]: Starting Load Kernel Module configfs...
[    6.465828] systemd[1]: Starting Load Kernel Module drm...
[    6.466552] systemd[1]: Starting Load Kernel Module efi_pstore...
[    6.467276] systemd[1]: Starting Load Kernel Module fuse...
[    6.467412] systemd[1]: Condition check resulted in File System Check on Root Device being skipped.
[    6.468484] systemd[1]: Starting Load Kernel Modules...
[    6.469189] systemd[1]: Starting Remount Root and Kernel File Systems...
[    6.469879] systemd[1]: Starting Coldplug All udev Devices...
[    6.470968] pstore: Using crash dump compression: deflate
[    6.471024] systemd[1]: Mounted Huge Pages File System.
[    6.471283] systemd[1]: Mounted POSIX Message Queue File System.
[    6.471530] systemd[1]: Mounted Kernel Debug File System.
[    6.471774] systemd[1]: Mounted Kernel Trace File System.
[    6.472368] systemd[1]: Finished Create List of Static Device Nodes.
[    6.472785] systemd[1]: modprobe@configfs.service: Deactivated successfully.
[    6.472980] systemd[1]: Finished Load Kernel Module configfs.
[    6.473224] systemd[1]: modprobe@fuse.service: Deactivated successfully.
[    6.474024] systemd[1]: Finished Load Kernel Module fuse.
[    6.476388] systemd[1]: Mounting FUSE Control File System...
[    6.487203] systemd[1]: Mounting Kernel Configuration File System...
[    6.493433] systemd[1]: Mounted FUSE Control File System.
[    6.503842] EXT4-fs (nvme0n1p4): re-mounted. Quota mode: none.
[    6.505719] systemd[1]: Finished Remount Root and Kernel File Systems.
[    6.506230] systemd[1]: Mounted Kernel Configuration File System.
[    6.508717] systemd[1]: Starting Load/Save Random Seed...
[    6.509913] systemd[1]: Starting Create System Users...
[    6.514021] lp: driver loaded but no devices found
[    6.516595] systemd[1]: Finished Load/Save Random Seed.
[    6.516886] systemd[1]: Condition check resulted in First Boot Complete being skipped.
[    6.521012] pstore: Registered efi as persistent store backend
[    6.521581] systemd[1]: modprobe@efi_pstore.service: Deactivated successfully.
[    6.521796] systemd[1]: Finished Load Kernel Module efi_pstore.
[    6.522463] systemd[1]: Condition check resulted in Platform Persistent Storage Archival being skipped.
[    6.524177] ppdev: user-space parallel port driver
[    6.524690] systemd[1]: Finished Create System Users.
[    6.525549] systemd[1]: Starting Create Static Device Nodes in /dev...
[    6.532772] systemd[1]: Finished Load Kernel Modules.
[    6.533717] systemd[1]: Starting Apply Kernel Variables...
[    6.535317] systemd[1]: Finished Set the console keyboard layout.
[    6.535653] systemd[1]: Finished Create Static Device Nodes in /dev.
[    6.535721] systemd[1]: Reached target Preparation for Local File Systems.
[    6.536783] systemd[1]: Mounting Mount unit for bare, revision 5...
[    6.537662] systemd[1]: Mounting Mount unit for core20, revision 1974...
[    6.538564] systemd[1]: Mounting Mount unit for core20, revision 2264...
[    6.539377] loop0: detected capacity change from 0 to 129944
[    6.539485] systemd[1]: Mounting Mount unit for core22, revision 1380...
[    6.539849] loop1: detected capacity change from 0 to 8
[    6.540887] systemd[1]: Mounting Mount unit for core22, revision 858...
[    6.541644] loop2: detected capacity change from 0 to 130960
[    6.541793] systemd[1]: Mounting Mount unit for firefox, revision 2987...
[    6.542613] systemd[1]: Mounting Mount unit for gnome-3-38-2004, revision 143...
[    6.542670] loop3: detected capacity change from 0 to 151296
[    6.543350] loop4: detected capacity change from 0 to 485800
[    6.543457] systemd[1]: Mounting Mount unit for gnome-42-2204, revision 120...
[    6.544412] systemd[1]: Mounting Mount unit for gtk-common-themes, revision 1535...
[    6.545372] systemd[1]: Mounting Mount unit for snap-store, revision 959...
[    6.545561] loop5: detected capacity change from 0 to 152040
[    6.546285] systemd[1]: Mounting Mount unit for snapd, revision 19457...
[    6.547102] loop6: detected capacity change from 0 to 994336
[    6.547151] systemd[1]: Mounting Mount unit for snapd, revision 21465...
[    6.550015] systemd[1]: Mounting Mount unit for snapd-desktop-integration, revision 83...
[    6.550431] loop7: detected capacity change from 0 to 79328
[    6.551652] loop8: detected capacity change from 0 to 109072
[    6.551936] systemd[1]: Mounting Mount unit for firefox, revision 2987 via mount-control...
[    6.553375] systemd[1]: Starting Rule-based Manager for Device Events and Files...
[    6.554004] systemd[1]: Started Journal Service.
[    6.554419] loop9: detected capacity change from 0 to 904
[    6.554692] loop10: detected capacity change from 0 to 187776
[    6.559404] loop11: detected capacity change from 0 to 25240
[    6.565047] loop12: detected capacity change from 0 to 716176
[    6.570017] systemd-journald[364]: Received client request to flush runtime journal.
[    6.574631] ACPI: bus type drm_connector registered
[    6.739218] EDAC ie31200: No ECC support
[    6.812209] ee1004 0-0050: 512 byte EE1004-compliant SPD EEPROM, read-only
[    6.820481] Adding 15999996k swap on /dev/nvme0n1p3.  Priority:-2 extents:1 across:15999996k SSFS
[    6.823128] mei_me 0000:00:16.0: enabling device (0000 -> 0002)
[    6.825007] dw-apb-uart.2: ttyS4 at MMIO 0x8c802000 (irq = 20, base_baud = 7500000) is a 16550A
[    6.828705] Adding 15999996k swap on /dev/nvme0n1p6.  Priority:-3 extents:1 across:15999996k SSFS
[    6.872546] input: HP WMI hotkeys as /devices/virtual/input/input7
[    6.910435] spi-nor spi0.0: BFPT parsing failed. Please consider using SPI_NOR_SKIP_SFDP when declaring the flash
[    6.910457] spi-nor: probe of spi0.0 failed with error -524
[    6.910916] Bluetooth: Core ver 2.22
[    6.912958] cfg80211: Loading compiled-in X.509 certificates for regulatory database
[    6.913162] NET: Registered PF_BLUETOOTH protocol family
[    6.913163] Bluetooth: HCI device and connection manager initialized
[    6.913166] Bluetooth: HCI socket layer initialized
[    6.913977] Bluetooth: L2CAP socket layer initialized
[    6.913984] Bluetooth: SCO socket layer initialized
[    6.914263] cfg80211: Loaded X.509 cert 'sforshee: 00b28ddf47aef9cea7'
[    6.914395] cfg80211: Loaded X.509 cert 'wens: 61c038651aabdcf94bd0ac7ff06c7248db18c600'
[    6.929874] RAPL PMU: API unit is 2^-32 Joules, 4 fixed counters, 655360 ms ovfl timer
[    6.929877] RAPL PMU: hw unit of domain pp0-core 2^-14 Joules
[    6.929878] RAPL PMU: hw unit of domain package 2^-14 Joules
[    6.929879] RAPL PMU: hw unit of domain dram 2^-14 Joules
[    6.929880] RAPL PMU: hw unit of domain pp1-gpu 2^-14 Joules
[    6.937480] cryptd: max_cpu_qlen set to 1000
[    6.950857] usbcore: registered new interface driver btusb
[    6.953114] Bluetooth: hci0: RTL: examining hci_ver=08 hci_rev=000c lmp_ver=08 lmp_subver=8821
[    6.954099] Bluetooth: hci0: RTL: rom_version status=0 version=1
[    6.954101] Bluetooth: hci0: RTL: loading rtl_bt/rtl8821c_fw.bin
[    6.954759] Bluetooth: hci0: RTL: loading rtl_bt/rtl8821c_config.bin
[    6.954830] Bluetooth: hci0: RTL: cfg_sz 10, total sz 34926
[    6.985958] AVX2 version of gcm_enc/dec engaged.
[    6.985991] AES CTR mode by8 optimization enabled
[    6.989502] audit: type=1400 audit(1715487022.651:2): apparmor="STATUS" operation="profile_load" profile="unconfined" name="lsb_release" pid=498 comm="apparmor_parser"
[    6.992980] audit: type=1400 audit(1715487022.655:3): apparmor="STATUS" operation="profile_load" profile="unconfined" name="nvidia_modprobe" pid=499 comm="apparmor_parser"
[    6.993875] audit: type=1400 audit(1715487022.655:4): apparmor="STATUS" operation="profile_load" profile="unconfined" name="nvidia_modprobe//kmod" pid=499 comm="apparmor_parser"
[    7.030052] audit: type=1400 audit(1715487022.691:5): apparmor="STATUS" operation="profile_load" profile="unconfined" name="libreoffice-oosplash" pid=512 comm="apparmor_parser"
[    7.034001] audit: type=1400 audit(1715487022.695:6): apparmor="STATUS" operation="profile_load" profile="unconfined" name="libreoffice-senddoc" pid=516 comm="apparmor_parser"
[    7.063307] audit: type=1400 audit(1715487022.723:7): apparmor="STATUS" operation="profile_load" profile="unconfined" name="libreoffice-xpdfimport" pid=538 comm="apparmor_parser"
[    7.090129] audit: type=1400 audit(1715487022.751:8): apparmor="STATUS" operation="profile_load" profile="unconfined" name="/usr/lib/NetworkManager/nm-dhcp-client.action" pid=500 comm="apparmor_parser"
[    7.091112] audit: type=1400 audit(1715487022.751:9): apparmor="STATUS" operation="profile_load" profile="unconfined" name="/usr/lib/NetworkManager/nm-dhcp-helper" pid=500 comm="apparmor_parser"
[    7.091984] audit: type=1400 audit(1715487022.751:10): apparmor="STATUS" operation="profile_load" profile="unconfined" name="/usr/lib/connman/scripts/dhclient-script" pid=500 comm="apparmor_parser"
[    7.211162] rtw_8821ce 0000:02:00.0: enabling device (0100 -> 0103)
[    7.211756] rtw_8821ce 0000:02:00.0: Firmware version 24.8.0, H2C version 12
[    7.423109] Bluetooth: hci0: RTL: fw version 0x75b8f098
[    7.447088] snd_hda_intel 0000:00:1f.3: enabling device (0100 -> 0102)
[    7.736835] Console: switching to colour dummy device 80x25
[    7.736858] i915 0000:00:02.0: vgaarb: deactivate vga console
[    7.741295] i915 0000:00:02.0: vgaarb: changed VGA decodes: olddecodes=io+mem,decodes=io+mem:owns=io+mem
[    7.742341] i915 0000:00:02.0: [drm] Finished loading DMC firmware i915/kbl_dmc_ver1_04.bin (v1.4)
[    7.742498] mei_hdcp 0000:00:16.0-b638ab7e-94e2-4ea2-a552-d1c54b627f04: bound 0000:00:02.0 (ops i915_hdcp_component_ops [i915])
[    7.924911] rtw_8821ce 0000:02:00.0 wlp2s0: renamed from wlan0
[    7.928655] [drm] Initialized i915 1.6.0 20201103 for 0000:00:02.0 on minor 0
[    7.930286] intel_tcc_cooling: Programmable TCC Offset detected
[    7.932773] ACPI: video: Video Device [GFX0] (multi-head: yes  rom: no  post: no)
[    7.933638] input: Video Bus as /devices/LNXSYSTM:00/LNXSYBUS:00/PNP0A08:00/LNXVIDEO:00/input/input8
[    7.934520] snd_hda_intel 0000:00:1f.3: bound 0000:00:02.0 (ops i915_audio_component_bind_ops [i915])
[    7.940505] intel_rapl_common: Found RAPL domain package
[    7.940508] intel_rapl_common: Found RAPL domain core
[    7.940509] intel_rapl_common: Found RAPL domain uncore
[    7.940530] intel_rapl_common: Found RAPL domain dram
[    7.961174] fbcon: i915drmfb (fb0) is primary device
[    7.997382] Console: switching to colour frame buffer device 240x67
[    8.015706] i915 0000:00:02.0: [drm] fb0: i915drmfb frame buffer device
[    8.106301] snd_hda_codec_realtek hdaudioC0D0: autoconfig for ALC671: line_outs=1 (0x14/0x0/0x0/0x0/0x0) type:line
[    8.106306] snd_hda_codec_realtek hdaudioC0D0:    speaker_outs=0 (0x0/0x0/0x0/0x0/0x0)
[    8.106308] snd_hda_codec_realtek hdaudioC0D0:    hp_outs=1 (0x21/0x0/0x0/0x0/0x0)
[    8.106310] snd_hda_codec_realtek hdaudioC0D0:    mono: mono_out=0x0
[    8.106311] snd_hda_codec_realtek hdaudioC0D0:    inputs:
[    8.106312] snd_hda_codec_realtek hdaudioC0D0:      Front Mic=0x19
[    8.106313] snd_hda_codec_realtek hdaudioC0D0:      Headset Mic=0x18
[    8.106315] snd_hda_codec_realtek hdaudioC0D0:      Line=0x1b
[    8.141051] input: HDA Intel PCH Front Mic as /devices/pci0000:00/0000:00:1f.3/sound/card0/input9
[    8.141122] input: HDA Intel PCH Headset Mic as /devices/pci0000:00/0000:00:1f.3/sound/card0/input10
[    8.141432] input: HDA Intel PCH Line as /devices/pci0000:00/0000:00:1f.3/sound/card0/input11
[    8.141580] input: HDA Intel PCH Line Out as /devices/pci0000:00/0000:00:1f.3/sound/card0/input12
[    8.141615] input: HDA Intel PCH Front Headphone as /devices/pci0000:00/0000:00:1f.3/sound/card0/input13
[    8.141650] input: HDA Intel PCH HDMI/DP,pcm=3 as /devices/pci0000:00/0000:00:1f.3/sound/card0/input14
[    8.156237] input: HDA Intel PCH HDMI/DP,pcm=7 as /devices/pci0000:00/0000:00:1f.3/sound/card0/input15
[    8.175307] input: HDA Intel PCH HDMI/DP,pcm=8 as /devices/pci0000:00/0000:00:1f.3/sound/card0/input16
[   11.507722] kauditd_printk_skb: 16 callbacks suppressed
[   11.507723] audit: type=1400 audit(1715487027.167:27): apparmor="STATUS" operation="profile_load" profile="unconfined" name="libreoffice-soffice" pid=537 comm="apparmor_parser"
[   11.509179] audit: type=1400 audit(1715487027.171:28): apparmor="STATUS" operation="profile_load" profile="unconfined" name="libreoffice-soffice//gpg" pid=537 comm="apparmor_parser"
[   11.719599] audit: type=1400 audit(1715487027.379:29): apparmor="STATUS" operation="profile_load" profile="unconfined" name="/snap/snapd/19457/usr/lib/snapd/snap-confine" pid=722 comm="apparmor_parser"
[   11.719604] audit: type=1400 audit(1715487027.379:30): apparmor="STATUS" operation="profile_load" profile="unconfined" name="/snap/snapd/19457/usr/lib/snapd/snap-confine//mount-namespace-capture-helper" pid=722 comm="apparmor_parser"
[   11.719823] audit: type=1400 audit(1715487027.379:31): apparmor="STATUS" operation="profile_load" profile="unconfined" name="/snap/snapd/21465/usr/lib/snapd/snap-confine" pid=723 comm="apparmor_parser"
[   11.720733] audit: type=1400 audit(1715487027.379:32): apparmor="STATUS" operation="profile_load" profile="unconfined" name="/snap/snapd/21465/usr/lib/snapd/snap-confine//mount-namespace-capture-helper" pid=723 comm="apparmor_parser"
[   11.852364] audit: type=1400 audit(1715487027.511:33): apparmor="STATUS" operation="profile_load" profile="unconfined" name="snap.firefox.hook.configure" pid=729 comm="apparmor_parser"
[   11.961093] audit: type=1400 audit(1715487027.623:34): apparmor="STATUS" operation="profile_load" profile="unconfined" name="snap.firefox.hook.connect-plug-host-hunspell" pid=730 comm="apparmor_parser"
[   12.074859] audit: type=1400 audit(1715487027.735:35): apparmor="STATUS" operation="profile_load" profile="unconfined" name="snap.firefox.hook.disconnect-plug-host-hunspell" pid=731 comm="apparmor_parser"
[   12.186057] audit: type=1400 audit(1715487027.847:36): apparmor="STATUS" operation="profile_load" profile="unconfined" name="snap.firefox.firefox" pid=727 comm="apparmor_parser"
[   12.921016] Bluetooth: BNEP (Ethernet Emulation) ver 1.3
[   12.921018] Bluetooth: BNEP filters: protocol multicast
[   12.921022] Bluetooth: BNEP socket layer initialized
[   12.922125] Bluetooth: MGMT ver 1.22
[   12.936489] NET: Registered PF_ALG protocol family
[   13.069900] mlx5_core 0000:01:00.0 enp1s0f0np0: Link down
[   13.185375] mlx5_core 0000:01:00.1 enp1s0f1np1: Link up
[   13.216872] Generic FE-GE Realtek PHY r8169-0-300:00: attached PHY driver (mii_bus:phy_addr=r8169-0-300:00, irq=MAC)
[   13.417032] r8169 0000:03:00.0 enp3s0: Link is Down
[   13.564266] loop13: detected capacity change from 0 to 8
[   14.107012] IPv6: ADDRCONF(NETDEV_CHANGE): enp1s0f1np1: link becomes ready
[   14.943520] rfkill: input handler disabled
[   24.714563] Bluetooth: RFCOMM TTY layer initialized
[   24.714570] Bluetooth: RFCOMM socket layer initialized
[   24.714573] Bluetooth: RFCOMM ver 1.11
[   24.825761] rfkill: input handler enabled
[   25.629912] r8169 0000:03:00.0 enp3s0: Link is Up - 1Gbps/Full - flow control rx/tx
[   25.629923] IPv6: ADDRCONF(NETDEV_CHANGE): enp3s0: link becomes ready
[   26.042268] rfkill: input handler disabled
[   27.631617] kauditd_printk_skb: 34 callbacks suppressed
[   27.631619] audit: type=1400 audit(1715487043.291:71): apparmor="DENIED" operation="capable" profile="/snap/snapd/21465/usr/lib/snapd/snap-confine" pid=2202 comm="snap-confine" capability=12  capname="net_admin"
[   27.631627] audit: type=1400 audit(1715487043.291:72): apparmor="DENIED" operation="capable" profile="/snap/snapd/21465/usr/lib/snapd/snap-confine" pid=2202 comm="snap-confine" capability=38  capname="perfmon"
[   36.029505] EXT4-fs (nvme0n1p7): mounted filesystem with ordered data mode. Quota mode: none.
[   75.707232] audit: type=1400 audit(1715487091.852:73): apparmor="DENIED" operation="open" profile="snap-update-ns.firefox" name="/usr/local/share/" pid=2540 comm="5" requested_mask="r" denied_mask="r" fsuid=0 ouid=0
[   75.707287] audit: type=1400 audit(1715487091.852:74): apparmor="DENIED" operation="sendmsg" profile="snap-update-ns.firefox" pid=2540 comm="5" family="unix" sock_type="stream" protocol=0 requested_mask="send" denied_mask="send"
[   75.714974] audit: type=1400 audit(1715487091.860:75): apparmor="DENIED" operation="open" profile="snap-update-ns.firefox" name="/var/lib/" pid=2540 comm="5" requested_mask="r" denied_mask="r" fsuid=0 ouid=0
[   75.714979] audit: type=1400 audit(1715487091.860:76): apparmor="DENIED" operation="sendmsg" profile="snap-update-ns.firefox" pid=2540 comm="5" family="unix" sock_type="stream" protocol=0 requested_mask="send" denied_mask="send"
[   75.715155] audit: type=1400 audit(1715487091.860:77): apparmor="DENIED" operation="open" profile="snap-update-ns.firefox" name="/var/lib/" pid=2540 comm="5" requested_mask="r" denied_mask="r" fsuid=0 ouid=0
[   75.715159] audit: type=1400 audit(1715487091.860:78): apparmor="DENIED" operation="sendmsg" profile="snap-update-ns.firefox" pid=2540 comm="5" family="unix" sock_type="stream" protocol=0 requested_mask="send" denied_mask="send"
[   75.715227] audit: type=1400 audit(1715487091.860:79): apparmor="DENIED" operation="open" profile="snap-update-ns.firefox" name="/var/lib/" pid=2540 comm="5" requested_mask="r" denied_mask="r" fsuid=0 ouid=0
[   75.715231] audit: type=1400 audit(1715487091.860:80): apparmor="DENIED" operation="sendmsg" profile="snap-update-ns.firefox" pid=2540 comm="5" family="unix" sock_type="stream" protocol=0 requested_mask="send" denied_mask="send"
[   75.715660] audit: type=1400 audit(1715487091.860:81): apparmor="DENIED" operation="open" profile="snap-update-ns.firefox" name="/var/lib/" pid=2540 comm="5" requested_mask="r" denied_mask="r" fsuid=0 ouid=0
[   75.715664] audit: type=1400 audit(1715487091.860:82): apparmor="DENIED" operation="sendmsg" profile="snap-update-ns.firefox" pid=2540 comm="5" family="unix" sock_type="stream" protocol=0 requested_mask="send" denied_mask="send"
[ 1491.394944] knem: loading out-of-tree module taints kernel.
[ 1491.394988] knem: module verification failed: signature and/or required key missing - tainting kernel
[ 1491.395911] knem 1.1.4.90mlnx3: initialized
[ 1502.561000] VFIO - User Level meta-driver version: 0.3
[ 1505.178849] MFT device name created: id: 4119, slot id: 0, device name: /dev/mst/mt4119_pciconf0.0 domain: 0x0 bus: 0x1
[ 1505.178852] MFT device name created: id: 4119, slot id: 1, device name: /dev/mst/mt4119_pciconf0.1 domain: 0x0 bus: 0x1
[ 1512.030122] knem 1.1.4.90mlnx3: terminating
[ 1512.088491] knem 1.1.4.90mlnx3: initialized
[ 1573.725390] mlx5_core 0000:01:00.1: E-Switch: Unload vfs: mode(LEGACY), nvfs(0), active vports(0)
[ 1573.741353] mlx5_core 0000:01:00.1: E-Switch: Disable: mode(LEGACY), nvfs(0), active vports(0)
[ 1574.129281] mlx5_core 0000:01:00.1: E-Switch: Disable: mode(LEGACY), nvfs(0), active vports(0)
[ 1574.789853] mlx5_core 0000:01:00.1: E-Switch: cleanup
[ 1575.573494] mlx5_core 0000:01:00.0: E-Switch: Unload vfs: mode(LEGACY), nvfs(0), active vports(0)
[ 1575.589263] mlx5_core 0000:01:00.0: E-Switch: Disable: mode(LEGACY), nvfs(0), active vports(0)
[ 1575.957293] mlx5_core 0000:01:00.0: E-Switch: Disable: mode(LEGACY), nvfs(0), active vports(0)
[ 1576.562484] mlx5_core 0000:01:00.0: E-Switch: cleanup
[ 1580.912910] Compat-mlnx-ofed backport release: 7037b8d
[ 1580.912913] Backport based on https://:@git-nbu.nvidia.com/r/a/mlnx_ofed/mlnx-ofa_kernel-4.0.git 7037b8d
[ 1580.912913] compat.git: https://:@git-nbu.nvidia.com/r/a/mlnx_ofed/mlnx-ofa_kernel-4.0.git
[ 1581.071712] mlx5_core 0000:01:00.0: firmware version: 16.35.3502
[ 1581.071746] mlx5_core 0000:01:00.0: 31.504 Gb/s available PCIe bandwidth, limited by 8.0 GT/s PCIe x4 link at 0000:00:01.0 (capable of 126.016 Gb/s with 8.0 GT/s PCIe x16 link)
[ 1581.477817] mlx5_core 0000:01:00.0: Rate limit: 127 rates are supported, range: 0Mbps to 97656Mbps
[ 1581.478041] mlx5_core 0000:01:00.0: E-Switch: Total vports 2, per vport: max uc(128) max mc(2048)
[ 1581.482345] port_module: 3 callbacks suppressed
[ 1581.482347] mlx5_core 0000:01:00.0: Port module event: module 0, Cable unplugged
[ 1581.482694] mlx5_core 0000:01:00.0: mlx5_pcie_event:304:(pid 4391): PCIe slot advertised sufficient power (75W).
[ 1581.493659] mlx5_core 0000:01:00.0: MLX5E: StrdRq(0) RqSz(1024) StrdSz(2048) RxCqeCmprss(1 basic)
[ 1581.692954] mlx5_core 0000:01:00.0 eth0: Disabling rxhash, not supported when CQE compress is active
[ 1581.693739] mlx5_core 0000:01:00.1: firmware version: 16.35.3502
[ 1581.693787] mlx5_core 0000:01:00.1: 31.504 Gb/s available PCIe bandwidth, limited by 8.0 GT/s PCIe x4 link at 0000:00:01.0 (capable of 126.016 Gb/s with 8.0 GT/s PCIe x16 link)
[ 1581.725510] mlx5_core 0000:01:00.0 enp1s0f0np0: renamed from eth0
[ 1581.877596] mlx5_core 0000:01:00.0 enp1s0f0np0: Link down
[ 1582.136870] mlx5_core 0000:01:00.1: Rate limit: 127 rates are supported, range: 0Mbps to 97656Mbps
[ 1582.137135] mlx5_core 0000:01:00.1: E-Switch: Total vports 2, per vport: max uc(128) max mc(2048)
[ 1582.141889] mlx5_core 0000:01:00.1: Port module event: module 1, Cable plugged
[ 1582.142239] mlx5_core 0000:01:00.1: mlx5_pcie_event:304:(pid 54): PCIe slot advertised sufficient power (75W).
[ 1582.153039] mlx5_core 0000:01:00.1: MLX5E: StrdRq(0) RqSz(1024) StrdSz(2048) RxCqeCmprss(1 basic)
[ 1582.356254] mlx5_core 0000:01:00.1 eth0: Disabling rxhash, not supported when CQE compress is active
[ 1582.377220] mlx5_core 0000:01:00.1 enp1s0f1np1: renamed from eth0
[ 1582.690981] mlx5_core 0000:01:00.1 enp1s0f1np1: Link up
[ 1582.884216] IPv6: ADDRCONF(NETDEV_CHANGE): enp1s0f1np1: link becomes ready
[ 2667.849164] fastswap_rdma: start: sswap_rdma_init_module
[ 2667.849167] fastswap_rdma: * RDMA BACKEND *
[ 2667.849194] fastswap_rdma: will try to connect to 10.10.10.2:50000
[ 2667.849196] fastswap_rdma: start: sswap_rdma_parse_ipaddr
[ 2667.849197] fastswap_rdma: start: sswap_rdma_parse_ipaddr
[ 2667.849197] fastswap_rdma: start: sswap_rdma_init_queue
[ 2667.849199] fastswap_rdma: Log: rdma create cm_id success
[ 2667.849215] fastswap_rdma: Log:rdma resolve addr success
[ 2667.849675] fastswap_rdma: cm_handler msg: address resolved (0) status 0 id 000000009eb30a40
[ 2667.849677] fastswap_rdma: RDMA_CM_EVENT_ADDR_RESOLVED
[ 2667.849678] fastswap_rdma: start: sswap_rdma_addr_resolved
[ 2667.849679] fastswap_rdma: selecting device mlx5_1
[ 2667.850350] fastswap_rdma: start: sswap_rdma_create_queue_ib
[ 2667.851377] fastswap_rdma: start: sswap_rdma_create_qp
[ 2667.854135] fastswap_rdma: cm_handler msg: route resolved  (2) status 0 id 000000009eb30a40
[ 2667.854138] fastswap_rdma: RDMA_CM_EVENT_ROUTE_RESOLVED
[ 2667.854139] fastswap_rdma: max_qp_rd_atom=16 max_qp_init_rd_atom=16
[ 2667.854140] fastswap_rdma: begin RDMA connect
[ 2668.824221] fastswap_rdma: cm_handler msg: established (9) status 0 id 000000009eb30a40
[ 2668.824234] fastswap_rdma: RDMA_CM_EVENT_ESTABLISHED
[ 2668.824236] fastswap_rdma: connection established
[ 2668.824301] fastswap_rdma: start: sswap_rdma_init_queue
[ 2668.824312] fastswap_rdma: Log: rdma create cm_id success
[ 2668.824344] fastswap_rdma: Log:rdma resolve addr success
[ 2668.824387] fastswap_rdma: cm_handler msg: address resolved (0) status 0 id 0000000086bbef06
[ 2668.824397] fastswap_rdma: RDMA_CM_EVENT_ADDR_RESOLVED
[ 2668.824399] fastswap_rdma: start: sswap_rdma_addr_resolved
[ 2668.824403] fastswap_rdma: start: sswap_rdma_create_queue_ib
[ 2668.825237] fastswap_rdma: start: sswap_rdma_create_qp
[ 2668.826624] fastswap_rdma: cm_handler msg: route resolved  (2) status 0 id 0000000086bbef06
[ 2668.826635] fastswap_rdma: RDMA_CM_EVENT_ROUTE_RESOLVED
[ 2668.826638] fastswap_rdma: max_qp_rd_atom=16 max_qp_init_rd_atom=16
[ 2668.826642] fastswap_rdma: begin RDMA connect
[ 2668.831630] fastswap_rdma: cm_handler msg: established (9) status 0 id 0000000086bbef06
[ 2668.831642] fastswap_rdma: RDMA_CM_EVENT_ESTABLISHED
[ 2668.831644] fastswap_rdma: connection established
[ 2668.831703] fastswap_rdma: start: sswap_rdma_init_queue
[ 2668.831714] fastswap_rdma: Log: rdma create cm_id success
[ 2668.831746] fastswap_rdma: Log:rdma resolve addr success
[ 2668.831791] fastswap_rdma: cm_handler msg: address resolved (0) status 0 id 0000000005c3dc5b
[ 2668.831802] fastswap_rdma: RDMA_CM_EVENT_ADDR_RESOLVED
[ 2668.831804] fastswap_rdma: start: sswap_rdma_addr_resolved
[ 2668.831808] fastswap_rdma: start: sswap_rdma_create_queue_ib
[ 2668.832602] fastswap_rdma: start: sswap_rdma_create_qp
[ 2668.833903] fastswap_rdma: cm_handler msg: route resolved  (2) status 0 id 0000000005c3dc5b
[ 2668.833914] fastswap_rdma: RDMA_CM_EVENT_ROUTE_RESOLVED
[ 2668.833917] fastswap_rdma: max_qp_rd_atom=16 max_qp_init_rd_atom=16
[ 2668.833921] fastswap_rdma: begin RDMA connect
[ 2668.838157] fastswap_rdma: cm_handler msg: established (9) status 0 id 0000000005c3dc5b
[ 2668.838168] fastswap_rdma: RDMA_CM_EVENT_ESTABLISHED
[ 2668.838170] fastswap_rdma: connection established
[ 2668.838227] fastswap_rdma: start: sswap_rdma_init_queue
[ 2668.838237] fastswap_rdma: Log: rdma create cm_id success
[ 2668.838269] fastswap_rdma: Log:rdma resolve addr success
[ 2668.838321] fastswap_rdma: cm_handler msg: address resolved (0) status 0 id 00000000d7d518ed
[ 2668.838332] fastswap_rdma: RDMA_CM_EVENT_ADDR_RESOLVED
[ 2668.838334] fastswap_rdma: start: sswap_rdma_addr_resolved
[ 2668.838338] fastswap_rdma: start: sswap_rdma_create_queue_ib
[ 2668.839066] fastswap_rdma: start: sswap_rdma_create_qp
[ 2668.840325] fastswap_rdma: cm_handler msg: route resolved  (2) status 0 id 00000000d7d518ed
[ 2668.840336] fastswap_rdma: RDMA_CM_EVENT_ROUTE_RESOLVED
[ 2668.840339] fastswap_rdma: max_qp_rd_atom=16 max_qp_init_rd_atom=16
[ 2668.840342] fastswap_rdma: begin RDMA connect
[ 2668.844400] fastswap_rdma: cm_handler msg: established (9) status 0 id 00000000d7d518ed
[ 2668.844403] fastswap_rdma: RDMA_CM_EVENT_ESTABLISHED
[ 2668.844404] fastswap_rdma: connection established
[ 2668.844439] fastswap_rdma: start: sswap_rdma_init_queue
[ 2668.844442] fastswap_rdma: Log: rdma create cm_id success
[ 2668.844452] fastswap_rdma: Log:rdma resolve addr success
[ 2668.844482] fastswap_rdma: cm_handler msg: address resolved (0) status 0 id 00000000a3cc7614
[ 2668.844485] fastswap_rdma: RDMA_CM_EVENT_ADDR_RESOLVED
[ 2668.844485] fastswap_rdma: start: sswap_rdma_addr_resolved
[ 2668.844486] fastswap_rdma: start: sswap_rdma_create_queue_ib
[ 2668.844910] fastswap_rdma: start: sswap_rdma_create_qp
[ 2668.845700] fastswap_rdma: cm_handler msg: route resolved  (2) status 0 id 00000000a3cc7614
[ 2668.845703] fastswap_rdma: RDMA_CM_EVENT_ROUTE_RESOLVED
[ 2668.845704] fastswap_rdma: max_qp_rd_atom=16 max_qp_init_rd_atom=16
[ 2668.845705] fastswap_rdma: begin RDMA connect
[ 2668.849732] fastswap_rdma: cm_handler msg: established (9) status 0 id 00000000a3cc7614
[ 2668.849735] fastswap_rdma: RDMA_CM_EVENT_ESTABLISHED
[ 2668.849736] fastswap_rdma: connection established
[ 2668.849779] fastswap_rdma: start: sswap_rdma_init_queue
[ 2668.849782] fastswap_rdma: Log: rdma create cm_id success
[ 2668.849792] fastswap_rdma: Log:rdma resolve addr success
[ 2668.849813] fastswap_rdma: cm_handler msg: address resolved (0) status 0 id 00000000ba50cc2e
[ 2668.849816] fastswap_rdma: RDMA_CM_EVENT_ADDR_RESOLVED
[ 2668.849817] fastswap_rdma: start: sswap_rdma_addr_resolved
[ 2668.849817] fastswap_rdma: start: sswap_rdma_create_queue_ib
[ 2668.850221] fastswap_rdma: start: sswap_rdma_create_qp
[ 2668.851023] fastswap_rdma: cm_handler msg: route resolved  (2) status 0 id 00000000ba50cc2e
[ 2668.851026] fastswap_rdma: RDMA_CM_EVENT_ROUTE_RESOLVED
[ 2668.851026] fastswap_rdma: max_qp_rd_atom=16 max_qp_init_rd_atom=16
[ 2668.851027] fastswap_rdma: begin RDMA connect
[ 2668.855745] fastswap_rdma: cm_handler msg: established (9) status 0 id 00000000ba50cc2e
[ 2668.855748] fastswap_rdma: RDMA_CM_EVENT_ESTABLISHED
[ 2668.855749] fastswap_rdma: connection established
[ 2668.855795] fastswap_rdma: start: sswap_rdma_init_queue
[ 2668.855798] fastswap_rdma: Log: rdma create cm_id success
[ 2668.855808] fastswap_rdma: Log:rdma resolve addr success
[ 2668.855836] fastswap_rdma: cm_handler msg: address resolved (0) status 0 id 00000000477b3ada
[ 2668.855839] fastswap_rdma: RDMA_CM_EVENT_ADDR_RESOLVED
[ 2668.855840] fastswap_rdma: start: sswap_rdma_addr_resolved
[ 2668.855841] fastswap_rdma: start: sswap_rdma_create_queue_ib
[ 2668.856340] fastswap_rdma: start: sswap_rdma_create_qp
[ 2668.857115] fastswap_rdma: cm_handler msg: route resolved  (2) status 0 id 00000000477b3ada
[ 2668.857118] fastswap_rdma: RDMA_CM_EVENT_ROUTE_RESOLVED
[ 2668.857119] fastswap_rdma: max_qp_rd_atom=16 max_qp_init_rd_atom=16
[ 2668.857120] fastswap_rdma: begin RDMA connect
[ 2668.861322] fastswap_rdma: cm_handler msg: established (9) status 0 id 00000000477b3ada
[ 2668.861325] fastswap_rdma: RDMA_CM_EVENT_ESTABLISHED
[ 2668.861326] fastswap_rdma: connection established
[ 2668.861377] fastswap_rdma: start: sswap_rdma_init_queue
[ 2668.861380] fastswap_rdma: Log: rdma create cm_id success
[ 2668.861392] fastswap_rdma: Log:rdma resolve addr success
[ 2668.861432] fastswap_rdma: cm_handler msg: address resolved (0) status 0 id 000000007a2075bb
[ 2668.861435] fastswap_rdma: RDMA_CM_EVENT_ADDR_RESOLVED
[ 2668.861436] fastswap_rdma: start: sswap_rdma_addr_resolved
[ 2668.861437] fastswap_rdma: start: sswap_rdma_create_queue_ib
[ 2668.861922] fastswap_rdma: start: sswap_rdma_create_qp
[ 2668.862777] fastswap_rdma: cm_handler msg: route resolved  (2) status 0 id 000000007a2075bb
[ 2668.862780] fastswap_rdma: RDMA_CM_EVENT_ROUTE_RESOLVED
[ 2668.862781] fastswap_rdma: max_qp_rd_atom=16 max_qp_init_rd_atom=16
[ 2668.862782] fastswap_rdma: begin RDMA connect
[ 2668.867084] fastswap_rdma: cm_handler msg: established (9) status 0 id 000000007a2075bb
[ 2668.867090] fastswap_rdma: RDMA_CM_EVENT_ESTABLISHED
[ 2668.867091] fastswap_rdma: connection established
[ 2668.867126] fastswap_rdma: start: sswap_rdma_init_queue
[ 2668.867129] fastswap_rdma: Log: rdma create cm_id success
[ 2668.867139] fastswap_rdma: Log:rdma resolve addr success
[ 2668.867142] fastswap_rdma: cm_handler msg: address resolved (0) status 0 id 000000004bfbc8ec
[ 2668.867145] fastswap_rdma: RDMA_CM_EVENT_ADDR_RESOLVED
[ 2668.867146] fastswap_rdma: start: sswap_rdma_addr_resolved
[ 2668.867147] fastswap_rdma: start: sswap_rdma_create_queue_ib
[ 2668.867614] fastswap_rdma: start: sswap_rdma_create_qp
[ 2668.868415] fastswap_rdma: cm_handler msg: route resolved  (2) status 0 id 000000004bfbc8ec
[ 2668.868418] fastswap_rdma: RDMA_CM_EVENT_ROUTE_RESOLVED
[ 2668.868418] fastswap_rdma: max_qp_rd_atom=16 max_qp_init_rd_atom=16
[ 2668.868419] fastswap_rdma: begin RDMA connect
[ 2668.873145] fastswap_rdma: cm_handler msg: established (9) status 0 id 000000004bfbc8ec
[ 2668.873149] fastswap_rdma: RDMA_CM_EVENT_ESTABLISHED
[ 2668.873149] fastswap_rdma: connection established
[ 2668.873199] fastswap_rdma: start: sswap_rdma_init_queue
[ 2668.873202] fastswap_rdma: Log: rdma create cm_id success
[ 2668.873211] fastswap_rdma: Log:rdma resolve addr success
[ 2668.873213] fastswap_rdma: cm_handler msg: address resolved (0) status 0 id 000000006c60eebd
[ 2668.873215] fastswap_rdma: RDMA_CM_EVENT_ADDR_RESOLVED
[ 2668.873216] fastswap_rdma: start: sswap_rdma_addr_resolved
[ 2668.873216] fastswap_rdma: start: sswap_rdma_create_queue_ib
[ 2668.873721] fastswap_rdma: start: sswap_rdma_create_qp
[ 2668.874622] fastswap_rdma: cm_handler msg: route resolved  (2) status 0 id 000000006c60eebd
[ 2668.874625] fastswap_rdma: RDMA_CM_EVENT_ROUTE_RESOLVED
[ 2668.874626] fastswap_rdma: max_qp_rd_atom=16 max_qp_init_rd_atom=16
[ 2668.874627] fastswap_rdma: begin RDMA connect
[ 2668.878183] fastswap_rdma: cm_handler msg: established (9) status 0 id 000000006c60eebd
[ 2668.878186] fastswap_rdma: RDMA_CM_EVENT_ESTABLISHED
[ 2668.878187] fastswap_rdma: connection established
[ 2668.878232] fastswap_rdma: start: sswap_rdma_init_queue
[ 2668.878235] fastswap_rdma: Log: rdma create cm_id success
[ 2668.878244] fastswap_rdma: Log:rdma resolve addr success
[ 2668.878266] fastswap_rdma: cm_handler msg: address resolved (0) status 0 id 000000004cc491f3
[ 2668.878269] fastswap_rdma: RDMA_CM_EVENT_ADDR_RESOLVED
[ 2668.878270] fastswap_rdma: start: sswap_rdma_addr_resolved
[ 2668.878271] fastswap_rdma: start: sswap_rdma_create_queue_ib
[ 2668.878822] fastswap_rdma: start: sswap_rdma_create_qp
[ 2668.879711] fastswap_rdma: cm_handler msg: route resolved  (2) status 0 id 000000004cc491f3
[ 2668.879714] fastswap_rdma: RDMA_CM_EVENT_ROUTE_RESOLVED
[ 2668.879714] fastswap_rdma: max_qp_rd_atom=16 max_qp_init_rd_atom=16
[ 2668.879716] fastswap_rdma: begin RDMA connect
[ 2668.882432] fastswap_rdma: cm_handler msg: established (9) status 0 id 000000004cc491f3
[ 2668.882436] fastswap_rdma: RDMA_CM_EVENT_ESTABLISHED
[ 2668.882436] fastswap_rdma: connection established
[ 2668.882484] fastswap_rdma: start: sswap_rdma_init_queue
[ 2668.882487] fastswap_rdma: Log: rdma create cm_id success
[ 2668.882495] fastswap_rdma: Log:rdma resolve addr success
[ 2668.882520] fastswap_rdma: cm_handler msg: address resolved (0) status 0 id 000000004d5f8e33
[ 2668.882524] fastswap_rdma: RDMA_CM_EVENT_ADDR_RESOLVED
[ 2668.882524] fastswap_rdma: start: sswap_rdma_addr_resolved
[ 2668.882526] fastswap_rdma: start: sswap_rdma_create_queue_ib
[ 2668.883070] fastswap_rdma: start: sswap_rdma_create_qp
[ 2668.884051] fastswap_rdma: cm_handler msg: route resolved  (2) status 0 id 000000004d5f8e33
[ 2668.884054] fastswap_rdma: RDMA_CM_EVENT_ROUTE_RESOLVED
[ 2668.884055] fastswap_rdma: max_qp_rd_atom=16 max_qp_init_rd_atom=16
[ 2668.884056] fastswap_rdma: begin RDMA connect
[ 2668.886957] fastswap_rdma: cm_handler msg: established (9) status 0 id 000000004d5f8e33
[ 2668.886961] fastswap_rdma: RDMA_CM_EVENT_ESTABLISHED
[ 2668.886962] fastswap_rdma: connection established
[ 2668.887008] fastswap_rdma: start: sswap_rdma_init_queue
[ 2668.887012] fastswap_rdma: Log: rdma create cm_id success
[ 2668.887022] fastswap_rdma: Log:rdma resolve addr success
[ 2668.887050] fastswap_rdma: cm_handler msg: address resolved (0) status 0 id 00000000462d337c
[ 2668.887054] fastswap_rdma: RDMA_CM_EVENT_ADDR_RESOLVED
[ 2668.887055] fastswap_rdma: start: sswap_rdma_addr_resolved
[ 2668.887056] fastswap_rdma: start: sswap_rdma_create_queue_ib
